Copyrights Reserved by Reactor Engineering Analysis Laboratory(REAL).

      RRRRRRRR       MM         MM        CCCCCCCC   
      RRRRRRRRR      MMM       MMM      CCCCCCCCC    
      RRR    RRR     MMMM     MMMM     CCC           
      RRR    RR      MMMMM   MMMMM    CCC            
      RRRRRRRR       MM MMM MMM MM    CCC            
      RRR   RRR      MM  MMMMM  MM    CCC            
      RRR    RRR     MM   MMM   MM     CCCCCCCCCC    
      RRR     RRR   MMM         MMM      CCCCCCCCC   

Code version: 3.5.0

Build time  : 02:38:20 Aug 25 2026
Git commit  : 4d3e1aac60f1c40062f05e5d532afb6c7eb6fb4b
Git tag  : v3.5.0-alpha.0-302-g4d3e1aac
MPI parallel: OFF
OMP parallel: OFF
Visit REAL forum https://forum.reallab.org.cn for more information.

RMC Calculation Start.
Input File = inp     2026/08/25 02:43:36 Tuesday 

Reading input file...

******** Calculation mode: fixed-source ********

Reading XSDIR/ACE library...
Finish reading XSDIR/ACE library.
Warning: particle energy larger than maximum energy group upper bound.
Warning: particle energy larger than maximum energy group upper bound.
neutron : 1000
neutron : 2000
neutron : 3000
neutron : 4000
neutron : 5000
neutron : 6000
neutron : 7000
neutron : 8000
neutron : 9000
neutron : 10000
neutron : 11000
neutron : 12000
neutron : 13000
neutron : 14000
neutron : 15000
neutron : 16000
neutron : 17000
neutron : 18000
neutron : 19000
neutron : 20000
neutron : 21000
neutron : 22000
neutron : 23000
neutron : 24000
neutron : 25000
neutron : 26000
neutron : 27000
neutron : 28000
neutron : 29000
neutron : 30000
neutron : 31000
neutron : 32000
neutron : 33000
neutron : 34000
neutron : 35000
neutron : 36000
neutron : 37000
neutron : 38000
neutron : 39000
neutron : 40000
neutron : 41000
neutron : 42000
neutron : 43000
neutron : 44000
neutron : 45000
neutron : 46000
neutron : 47000
neutron : 48000
neutron : 49000
neutron : 50000
neutron : 51000
neutron : 52000
neutron : 53000
neutron : 54000
neutron : 55000
neutron : 56000
neutron : 57000
neutron : 58000
neutron : 59000
neutron : 60000
neutron : 61000
neutron : 62000
neutron : 63000
neutron : 64000
neutron : 65000
neutron : 66000
neutron : 67000
neutron : 68000
neutron : 69000
neutron : 70000
neutron : 71000
neutron : 72000
neutron : 73000
neutron : 74000
neutron : 75000
neutron : 76000
neutron : 77000
neutron : 78000
neutron : 79000
neutron : 80000
neutron : 81000
neutron : 82000
neutron : 83000
neutron : 84000
neutron : 85000
neutron : 86000
neutron : 87000
neutron : 88000
neutron : 89000
neutron : 90000
neutron : 91000
neutron : 92000
neutron : 93000
neutron : 94000
neutron : 95000
neutron : 96000
neutron : 97000
neutron : 98000
neutron : 99000
neutron : 100000
neutron : 101000
neutron : 102000
neutron : 103000
neutron : 104000
neutron : 105000
neutron : 106000
neutron : 107000
neutron : 108000
neutron : 109000
neutron : 110000
neutron : 111000
neutron : 112000
neutron : 113000
neutron : 114000
neutron : 115000
neutron : 116000
neutron : 117000
neutron : 118000
neutron : 119000
neutron : 120000
neutron : 121000
neutron : 122000
neutron : 123000
neutron : 124000
neutron : 125000
neutron : 126000
neutron : 127000
neutron : 128000
neutron : 129000
neutron : 130000
neutron : 131000
neutron : 132000
neutron : 133000
neutron : 134000
neutron : 135000
neutron : 136000
neutron : 137000
neutron : 138000
neutron : 139000
neutron : 140000
neutron : 141000
neutron : 142000
neutron : 143000
neutron : 144000
neutron : 145000
neutron : 146000
neutron : 147000
neutron : 148000
neutron : 149000
neutron : 150000
neutron : 151000
neutron : 152000
neutron : 153000
neutron : 154000
neutron : 155000
neutron : 156000
neutron : 157000
neutron : 158000
neutron : 159000
neutron : 160000
neutron : 161000
neutron : 162000
neutron : 163000
neutron : 164000
neutron : 165000
neutron : 166000
neutron : 167000
neutron : 168000
neutron : 169000
neutron : 170000
neutron : 171000
neutron : 172000
neutron : 173000
neutron : 174000
neutron : 175000
neutron : 176000
neutron : 177000
neutron : 178000
neutron : 179000
neutron : 180000
neutron : 181000
neutron : 182000
neutron : 183000
neutron : 184000
neutron : 185000
neutron : 186000
neutron : 187000
neutron : 188000
neutron : 189000
neutron : 190000
neutron : 191000
neutron : 192000
neutron : 193000
neutron : 194000
neutron : 195000
neutron : 196000
neutron : 197000
neutron : 198000
neutron : 199000
neutron : 200000
neutron : 201000
neutron : 202000
neutron : 203000
neutron : 204000
neutron : 205000
neutron : 206000
neutron : 207000
neutron : 208000
neutron : 209000
neutron : 210000
neutron : 211000
neutron : 212000
neutron : 213000
neutron : 214000
neutron : 215000
neutron : 216000
neutron : 217000
neutron : 218000
neutron : 219000
neutron : 220000
neutron : 221000
neutron : 222000
neutron : 223000
neutron : 224000
neutron : 225000
neutron : 226000
neutron : 227000
neutron : 228000
neutron : 229000
neutron : 230000
neutron : 231000
neutron : 232000
neutron : 233000
neutron : 234000
neutron : 235000
neutron : 236000
neutron : 237000
neutron : 238000
neutron : 239000
neutron : 240000
neutron : 241000
neutron : 242000
neutron : 243000
neutron : 244000
neutron : 245000
neutron : 246000
neutron : 247000
neutron : 248000
neutron : 249000
neutron : 250000
neutron : 251000
neutron : 252000
neutron : 253000
neutron : 254000
neutron : 255000
neutron : 256000
neutron : 257000
neutron : 258000
neutron : 259000
neutron : 260000
neutron : 261000
neutron : 262000
neutron : 263000
neutron : 264000
neutron : 265000
neutron : 266000
neutron : 267000
neutron : 268000
neutron : 269000
neutron : 270000
neutron : 271000
neutron : 272000
neutron : 273000
neutron : 274000
neutron : 275000
neutron : 276000
neutron : 277000
neutron : 278000
neutron : 279000
neutron : 280000
neutron : 281000
neutron : 282000
neutron : 283000
neutron : 284000
neutron : 285000
neutron : 286000
neutron : 287000
neutron : 288000
neutron : 289000
neutron : 290000
neutron : 291000
neutron : 292000
neutron : 293000
neutron : 294000
neutron : 295000
neutron : 296000
neutron : 297000
neutron : 298000
neutron : 299000
neutron : 300000
neutron : 301000
neutron : 302000
neutron : 303000
neutron : 304000
neutron : 305000
neutron : 306000
neutron : 307000
neutron : 308000
neutron : 309000
neutron : 310000
neutron : 311000
neutron : 312000
neutron : 313000
neutron : 314000
neutron : 315000
neutron : 316000
neutron : 317000
neutron : 318000
neutron : 319000
neutron : 320000
neutron : 321000
neutron : 322000
neutron : 323000
neutron : 324000
neutron : 325000
neutron : 326000
neutron : 327000
neutron : 328000
neutron : 329000
neutron : 330000
neutron : 331000
neutron : 332000
neutron : 333000
neutron : 334000
neutron : 335000
neutron : 336000
neutron : 337000
neutron : 338000
neutron : 339000
neutron : 340000
neutron : 341000
neutron : 342000
neutron : 343000
neutron : 344000
neutron : 345000
neutron : 346000
neutron : 347000
neutron : 348000
neutron : 349000
neutron : 350000
neutron : 351000
neutron : 352000
neutron : 353000
neutron : 354000
neutron : 355000
neutron : 356000
neutron : 357000
neutron : 358000
neutron : 359000
neutron : 360000
neutron : 361000
neutron : 362000
neutron : 363000
neutron : 364000
neutron : 365000
neutron : 366000
neutron : 367000
neutron : 368000
neutron : 369000
neutron : 370000
neutron : 371000
neutron : 372000
neutron : 373000
neutron : 374000
neutron : 375000
neutron : 376000
neutron : 377000
neutron : 378000
neutron : 379000
neutron : 380000
neutron : 381000
neutron : 382000
neutron : 383000
neutron : 384000
neutron : 385000
neutron : 386000
neutron : 387000
neutron : 388000
neutron : 389000
neutron : 390000
neutron : 391000
neutron : 392000
neutron : 393000
neutron : 394000
neutron : 395000
neutron : 396000
neutron : 397000
neutron : 398000
neutron : 399000
neutron : 400000
neutron : 401000
neutron : 402000
neutron : 403000
neutron : 404000
neutron : 405000
neutron : 406000
neutron : 407000
neutron : 408000
neutron : 409000
neutron : 410000
neutron : 411000
neutron : 412000
neutron : 413000
neutron : 414000
neutron : 415000
neutron : 416000
neutron : 417000
neutron : 418000
neutron : 419000
neutron : 420000
neutron : 421000
neutron : 422000
neutron : 423000
neutron : 424000
neutron : 425000
neutron : 426000
neutron : 427000
neutron : 428000
neutron : 429000
neutron : 430000
neutron : 431000
neutron : 432000
neutron : 433000
neutron : 434000
neutron : 435000
neutron : 436000
neutron : 437000
neutron : 438000
neutron : 439000
neutron : 440000
neutron : 441000
neutron : 442000
neutron : 443000
neutron : 444000
neutron : 445000
neutron : 446000
neutron : 447000
neutron : 448000
neutron : 449000
neutron : 450000
neutron : 451000
neutron : 452000
neutron : 453000
neutron : 454000
neutron : 455000
neutron : 456000
neutron : 457000
neutron : 458000
neutron : 459000
neutron : 460000
neutron : 461000
neutron : 462000
neutron : 463000
neutron : 464000
neutron : 465000
neutron : 466000
neutron : 467000
neutron : 468000
neutron : 469000
neutron : 470000
neutron : 471000
neutron : 472000
neutron : 473000
neutron : 474000
neutron : 475000
neutron : 476000
neutron : 477000
neutron : 478000
neutron : 479000
neutron : 480000
neutron : 481000
neutron : 482000
neutron : 483000
neutron : 484000
neutron : 485000
neutron : 486000
neutron : 487000
neutron : 488000
neutron : 489000
neutron : 490000
neutron : 491000
neutron : 492000
neutron : 493000
neutron : 494000
neutron : 495000
neutron : 496000
neutron : 497000
neutron : 498000
neutron : 499000
neutron : 500000
neutron : 501000
neutron : 502000
neutron : 503000
neutron : 504000
neutron : 505000
neutron : 506000
neutron : 507000
neutron : 508000
neutron : 509000
neutron : 510000
neutron : 511000
neutron : 512000
neutron : 513000
neutron : 514000
neutron : 515000
neutron : 516000
neutron : 517000
neutron : 518000
neutron : 519000
neutron : 520000
neutron : 521000
neutron : 522000
neutron : 523000
neutron : 524000
neutron : 525000
neutron : 526000
neutron : 527000
neutron : 528000
neutron : 529000
neutron : 530000
neutron : 531000
neutron : 532000
neutron : 533000
neutron : 534000
neutron : 535000
neutron : 536000
neutron : 537000
neutron : 538000
neutron : 539000
neutron : 540000
neutron : 541000
neutron : 542000
neutron : 543000
neutron : 544000
neutron : 545000
neutron : 546000
neutron : 547000
neutron : 548000
neutron : 549000
neutron : 550000
neutron : 551000
neutron : 552000
neutron : 553000
neutron : 554000
neutron : 555000
neutron : 556000
neutron : 557000
neutron : 558000
neutron : 559000
neutron : 560000
neutron : 561000
neutron : 562000
neutron : 563000
neutron : 564000
neutron : 565000
neutron : 566000
neutron : 567000
neutron : 568000
neutron : 569000
neutron : 570000
neutron : 571000
neutron : 572000
neutron : 573000
neutron : 574000
neutron : 575000
neutron : 576000
neutron : 577000
neutron : 578000
neutron : 579000
neutron : 580000
neutron : 581000
neutron : 582000
neutron : 583000
neutron : 584000
neutron : 585000
neutron : 586000
neutron : 587000
neutron : 588000
neutron : 589000
neutron : 590000
neutron : 591000
neutron : 592000
neutron : 593000
neutron : 594000
neutron : 595000
neutron : 596000
neutron : 597000
neutron : 598000
neutron : 599000
neutron : 600000
neutron : 601000
neutron : 602000
neutron : 603000
neutron : 604000
neutron : 605000
neutron : 606000
neutron : 607000
neutron : 608000
neutron : 609000
neutron : 610000
neutron : 611000
neutron : 612000
neutron : 613000
neutron : 614000
neutron : 615000
neutron : 616000
neutron : 617000
neutron : 618000
neutron : 619000
neutron : 620000
neutron : 621000
neutron : 622000
neutron : 623000
neutron : 624000
neutron : 625000
neutron : 626000
neutron : 627000
neutron : 628000
neutron : 629000
neutron : 630000
neutron : 631000
neutron : 632000
neutron : 633000
neutron : 634000
neutron : 635000
neutron : 636000
neutron : 637000
neutron : 638000
neutron : 639000
neutron : 640000
neutron : 641000
neutron : 642000
neutron : 643000
neutron : 644000
neutron : 645000
neutron : 646000
neutron : 647000
neutron : 648000
neutron : 649000
neutron : 650000
neutron : 651000
neutron : 652000
neutron : 653000
neutron : 654000
neutron : 655000
neutron : 656000
neutron : 657000
neutron : 658000
neutron : 659000
neutron : 660000
neutron : 661000
neutron : 662000
neutron : 663000
neutron : 664000
neutron : 665000
neutron : 666000
neutron : 667000
neutron : 668000
neutron : 669000
neutron : 670000
neutron : 671000
neutron : 672000
neutron : 673000
neutron : 674000
neutron : 675000
neutron : 676000
neutron : 677000
neutron : 678000
neutron : 679000
neutron : 680000
neutron : 681000
neutron : 682000
neutron : 683000
neutron : 684000
neutron : 685000
neutron : 686000
neutron : 687000
neutron : 688000
neutron : 689000
neutron : 690000
neutron : 691000
neutron : 692000
neutron : 693000
neutron : 694000
neutron : 695000
neutron : 696000
neutron : 697000
neutron : 698000
neutron : 699000
neutron : 700000
neutron : 701000
neutron : 702000
neutron : 703000
neutron : 704000
neutron : 705000
neutron : 706000
neutron : 707000
neutron : 708000
neutron : 709000
neutron : 710000
neutron : 711000
neutron : 712000
neutron : 713000
neutron : 714000
neutron : 715000
neutron : 716000
neutron : 717000
neutron : 718000
neutron : 719000
neutron : 720000
neutron : 721000
neutron : 722000
neutron : 723000
neutron : 724000
neutron : 725000
neutron : 726000
neutron : 727000
neutron : 728000
neutron : 729000
neutron : 730000
neutron : 731000
neutron : 732000
neutron : 733000
neutron : 734000
neutron : 735000
neutron : 736000
neutron : 737000
neutron : 738000
neutron : 739000
neutron : 740000
neutron : 741000
neutron : 742000
neutron : 743000
neutron : 744000
neutron : 745000
neutron : 746000
neutron : 747000
neutron : 748000
neutron : 749000
neutron : 750000
neutron : 751000
neutron : 752000
neutron : 753000
neutron : 754000
neutron : 755000
neutron : 756000
neutron : 757000
neutron : 758000
neutron : 759000
neutron : 760000
neutron : 761000
neutron : 762000
neutron : 763000
neutron : 764000
neutron : 765000
neutron : 766000
neutron : 767000
neutron : 768000
neutron : 769000
neutron : 770000
neutron : 771000
neutron : 772000
neutron : 773000
neutron : 774000
neutron : 775000
neutron : 776000
neutron : 777000
neutron : 778000
neutron : 779000
neutron : 780000
neutron : 781000
neutron : 782000
neutron : 783000
neutron : 784000
neutron : 785000
neutron : 786000
neutron : 787000
neutron : 788000
neutron : 789000
neutron : 790000
neutron : 791000
neutron : 792000
neutron : 793000
neutron : 794000
neutron : 795000
neutron : 796000
neutron : 797000
neutron : 798000
neutron : 799000
neutron : 800000
neutron : 801000
neutron : 802000
neutron : 803000
neutron : 804000
neutron : 805000
neutron : 806000
neutron : 807000
neutron : 808000
neutron : 809000
neutron : 810000
neutron : 811000
neutron : 812000
neutron : 813000
neutron : 814000
neutron : 815000
neutron : 816000
neutron : 817000
neutron : 818000
neutron : 819000
neutron : 820000
neutron : 821000
neutron : 822000
neutron : 823000
neutron : 824000
neutron : 825000
neutron : 826000
neutron : 827000
neutron : 828000
neutron : 829000
neutron : 830000
neutron : 831000
neutron : 832000
neutron : 833000
neutron : 834000
neutron : 835000
neutron : 836000
neutron : 837000
neutron : 838000
neutron : 839000
neutron : 840000
neutron : 841000
neutron : 842000
neutron : 843000
neutron : 844000
neutron : 845000
neutron : 846000
neutron : 847000
neutron : 848000
neutron : 849000
neutron : 850000
neutron : 851000
neutron : 852000
neutron : 853000
neutron : 854000
neutron : 855000
neutron : 856000
neutron : 857000
neutron : 858000
neutron : 859000
neutron : 860000
neutron : 861000
neutron : 862000
neutron : 863000
neutron : 864000
neutron : 865000
neutron : 866000
neutron : 867000
neutron : 868000
neutron : 869000
neutron : 870000
neutron : 871000
neutron : 872000
neutron : 873000
neutron : 874000
neutron : 875000
neutron : 876000
neutron : 877000
neutron : 878000
neutron : 879000
neutron : 880000
neutron : 881000
neutron : 882000
neutron : 883000
neutron : 884000
neutron : 885000
neutron : 886000
neutron : 887000
neutron : 888000
neutron : 889000
neutron : 890000
neutron : 891000
neutron : 892000
neutron : 893000
neutron : 894000
neutron : 895000
neutron : 896000
neutron : 897000
neutron : 898000
neutron : 899000
neutron : 900000
neutron : 901000
neutron : 902000
neutron : 903000
neutron : 904000
neutron : 905000
neutron : 906000
neutron : 907000
neutron : 908000
neutron : 909000
neutron : 910000
neutron : 911000
neutron : 912000
neutron : 913000
neutron : 914000
neutron : 915000
neutron : 916000
neutron : 917000
neutron : 918000
neutron : 919000
neutron : 920000
neutron : 921000
neutron : 922000
neutron : 923000
neutron : 924000
neutron : 925000
neutron : 926000
neutron : 927000
neutron : 928000
neutron : 929000
neutron : 930000
neutron : 931000
neutron : 932000
neutron : 933000
neutron : 934000
neutron : 935000
neutron : 936000
neutron : 937000
neutron : 938000
neutron : 939000
neutron : 940000
neutron : 941000
neutron : 942000
neutron : 943000
neutron : 944000
neutron : 945000
neutron : 946000
neutron : 947000
neutron : 948000
neutron : 949000
neutron : 950000
neutron : 951000
neutron : 952000
neutron : 953000
neutron : 954000
neutron : 955000
neutron : 956000
neutron : 957000
neutron : 958000
neutron : 959000
neutron : 960000
neutron : 961000
neutron : 962000
neutron : 963000
neutron : 964000
neutron : 965000
neutron : 966000
neutron : 967000
neutron : 968000
neutron : 969000
neutron : 970000
neutron : 971000
neutron : 972000
neutron : 973000
neutron : 974000
neutron : 975000
neutron : 976000
neutron : 977000
neutron : 978000
neutron : 979000
neutron : 980000
neutron : 981000
neutron : 982000
neutron : 983000
neutron : 984000
neutron : 985000
neutron : 986000
neutron : 987000
neutron : 988000
neutron : 989000
neutron : 990000
neutron : 991000
neutron : 992000
neutron : 993000
neutron : 994000
neutron : 995000
neutron : 996000
neutron : 997000
neutron : 998000
neutron : 999000
neutron : 1000000

Source Number : 1000000.

2 warning found.

Neutron collisions per source particle: 0.66 

RMC Calculation Finish.
Total Calculational Time: 0.0103 minutes

Input File = inp   Output File = inp.out     2026/08/25 02:43:36 Tuesday
 Total Calculation Time                   = 6.1976e-01 seconds
 Time in Reading input blocks             = 3.2733e-04 seconds
 Time in Fixed Source Calculation         = 6.1935e-01 seconds
 Time in Photon Transport                 = 0.0000e+00 seconds
 Time in Photon Collision                 = 0.0000e+00 seconds
 Time in Photon XS lookup                 = 0.0000e+00 seconds
 Time in Photon tracking                  = 0.0000e+00 seconds
 Time in Tally Process                    = 1.0444e-01 seconds
