{
  "rows": [
    {
      "mode": "forward",
      "ww": false,
      "n": 2500,
      "seed": 101,
      "raw": 23.21,
      "raw_re": 0.018157,
      "norm": 0.00011605,
      "norm_re": 0.018157,
      "zero": 0.0,
      "zero_re": 0.0,
      "split": 0,
      "roulette": 0,
      "warnings": 0
    },
    {
      "mode": "forward",
      "ww": false,
      "n": 2500,
      "seed": 103,
      "raw": 23.467,
      "raw_re": 0.017913,
      "norm": 0.00011734,
      "norm_re": 0.017913,
      "zero": 0.0,
      "zero_re": 0.0,
      "split": 0,
      "roulette": 0,
      "warnings": 0
    },
    {
      "mode": "forward",
      "ww": false,
      "n": 2500,
      "seed": 107,
      "raw": 23.637,
      "raw_re": 0.017932,
      "norm": 0.00011818,
      "norm_re": 0.017932,
      "zero": 0.0,
      "zero_re": 0.0,
      "split": 0,
      "roulette": 0,
      "warnings": 0
    },
    {
      "mode": "forward",
      "ww": false,
      "n": 2500,
      "seed": 109,
      "raw": 22.87,
      "raw_re": 0.018117,
      "norm": 0.00011435,
      "norm_re": 0.018117,
      "zero": 0.0,
      "zero_re": 0.0,
      "split": 0,
      "roulette": 0,
      "warnings": 0
    },
    {
      "mode": "forward",
      "ww": false,
      "n": 2500,
      "seed": 113,
      "raw": 23.246,
      "raw_re": 0.018093,
      "norm": 0.00011623,
      "norm_re": 0.018093,
      "zero": 0.0,
      "zero_re": 0.0,
      "split": 0,
      "roulette": 0,
      "warnings": 0
    },
    {
      "mode": "forward",
      "ww": false,
      "n": 10000,
      "seed": 101,
      "raw": 23.228,
      "raw_re": 0.0090991,
      "norm": 0.00011614,
      "norm_re": 0.0090991,
      "zero": 0.0,
      "zero_re": 0.0,
      "split": 0,
      "roulette": 0,
      "warnings": 0
    },
    {
      "mode": "forward",
      "ww": false,
      "n": 10000,
      "seed": 103,
      "raw": 22.915,
      "raw_re": 0.0091536,
      "norm": 0.00011458,
      "norm_re": 0.0091536,
      "zero": 0.0,
      "zero_re": 0.0,
      "split": 0,
      "roulette": 0,
      "warnings": 0
    },
    {
      "mode": "forward",
      "ww": false,
      "n": 10000,
      "seed": 107,
      "raw": 23.029,
      "raw_re": 0.0091018,
      "norm": 0.00011515,
      "norm_re": 0.0091018,
      "zero": 0.0,
      "zero_re": 0.0,
      "split": 0,
      "roulette": 0,
      "warnings": 0
    },
    {
      "mode": "forward",
      "ww": false,
      "n": 10000,
      "seed": 109,
      "raw": 23.108,
      "raw_re": 0.0090629,
      "norm": 0.00011554,
      "norm_re": 0.0090629,
      "zero": 0.0,
      "zero_re": 0.0,
      "split": 0,
      "roulette": 0,
      "warnings": 0
    },
    {
      "mode": "forward",
      "ww": false,
      "n": 10000,
      "seed": 113,
      "raw": 22.927,
      "raw_re": 0.0092046,
      "norm": 0.00011463,
      "norm_re": 0.0092046,
      "zero": 0.0,
      "zero_re": 0.0,
      "split": 0,
      "roulette": 0,
      "warnings": 0
    },
    {
      "mode": "forward",
      "ww": false,
      "n": 10000,
      "seed": 127,
      "raw": 23.063,
      "raw_re": 0.009245,
      "norm": 0.00011532,
      "norm_re": 0.009245,
      "zero": 0.0,
      "zero_re": 0.0,
      "split": 0,
      "roulette": 0,
      "warnings": 0
    },
    {
      "mode": "forward",
      "ww": false,
      "n": 10000,
      "seed": 131,
      "raw": 22.991,
      "raw_re": 0.0091505,
      "norm": 0.00011496,
      "norm_re": 0.0091505,
      "zero": 0.0,
      "zero_re": 0.0,
      "split": 0,
      "roulette": 0,
      "warnings": 0
    },
    {
      "mode": "forward",
      "ww": false,
      "n": 10000,
      "seed": 137,
      "raw": 23.023,
      "raw_re": 0.0091515,
      "norm": 0.00011512,
      "norm_re": 0.0091515,
      "zero": 0.0,
      "zero_re": 0.0,
      "split": 0,
      "roulette": 0,
      "warnings": 0
    },
    {
      "mode": "forward",
      "ww": false,
      "n": 10000,
      "seed": 139,
      "raw": 23.402,
      "raw_re": 0.009017,
      "norm": 0.00011701,
      "norm_re": 0.009017,
      "zero": 0.0,
      "zero_re": 0.0,
      "split": 0,
      "roulette": 0,
      "warnings": 0
    },
    {
      "mode": "forward",
      "ww": false,
      "n": 10000,
      "seed": 149,
      "raw": 22.748,
      "raw_re": 0.0091802,
      "norm": 0.00011374,
      "norm_re": 0.0091802,
      "zero": 0.0,
      "zero_re": 0.0,
      "split": 0,
      "roulette": 0,
      "warnings": 0
    },
    {
      "mode": "forward",
      "ww": false,
      "n": 40000,
      "seed": 101,
      "raw": 22.922,
      "raw_re": 0.0045785,
      "norm": 0.00011461,
      "norm_re": 0.0045785,
      "zero": 0.0,
      "zero_re": 0.0,
      "split": 0,
      "roulette": 0,
      "warnings": 0
    },
    {
      "mode": "forward",
      "ww": false,
      "n": 40000,
      "seed": 103,
      "raw": 22.834,
      "raw_re": 0.0045861,
      "norm": 0.00011417,
      "norm_re": 0.0045861,
      "zero": 0.0,
      "zero_re": 0.0,
      "split": 0,
      "roulette": 0,
      "warnings": 0
    },
    {
      "mode": "forward",
      "ww": false,
      "n": 40000,
      "seed": 107,
      "raw": 22.911,
      "raw_re": 0.0045827,
      "norm": 0.00011456,
      "norm_re": 0.0045827,
      "zero": 0.0,
      "zero_re": 0.0,
      "split": 0,
      "roulette": 0,
      "warnings": 0
    },
    {
      "mode": "forward",
      "ww": false,
      "n": 40000,
      "seed": 109,
      "raw": 22.996,
      "raw_re": 0.0045828,
      "norm": 0.00011498,
      "norm_re": 0.0045828,
      "zero": 0.0,
      "zero_re": 0.0,
      "split": 0,
      "roulette": 0,
      "warnings": 0
    },
    {
      "mode": "forward",
      "ww": false,
      "n": 40000,
      "seed": 113,
      "raw": 23.107,
      "raw_re": 0.0045895,
      "norm": 0.00011554,
      "norm_re": 0.0045895,
      "zero": 0.0,
      "zero_re": 0.0,
      "split": 0,
      "roulette": 0,
      "warnings": 0
    },
    {
      "mode": "forward",
      "ww": true,
      "n": 10000,
      "seed": 101,
      "raw": 22.756,
      "raw_re": 0.0077482,
      "norm": 0.00011378,
      "norm_re": 0.0077482,
      "zero": 0.0,
      "zero_re": 0.0,
      "split": 0,
      "roulette": 0,
      "warnings": 0
    },
    {
      "mode": "forward",
      "ww": true,
      "n": 10000,
      "seed": 103,
      "raw": 22.816,
      "raw_re": 0.0075687,
      "norm": 0.00011408,
      "norm_re": 0.0075687,
      "zero": 0.0,
      "zero_re": 0.0,
      "split": 0,
      "roulette": 0,
      "warnings": 0
    },
    {
      "mode": "forward",
      "ww": true,
      "n": 10000,
      "seed": 107,
      "raw": 22.775,
      "raw_re": 0.0077045,
      "norm": 0.00011388,
      "norm_re": 0.0077045,
      "zero": 0.0,
      "zero_re": 0.0,
      "split": 0,
      "roulette": 0,
      "warnings": 0
    },
    {
      "mode": "forward",
      "ww": true,
      "n": 10000,
      "seed": 109,
      "raw": 22.93,
      "raw_re": 0.0079014,
      "norm": 0.00011465,
      "norm_re": 0.0079014,
      "zero": 0.0,
      "zero_re": 0.0,
      "split": 0,
      "roulette": 0,
      "warnings": 0
    },
    {
      "mode": "forward",
      "ww": true,
      "n": 10000,
      "seed": 113,
      "raw": 23.144,
      "raw_re": 0.0079091,
      "norm": 0.00011572,
      "norm_re": 0.0079091,
      "zero": 0.0,
      "zero_re": 0.0,
      "split": 0,
      "roulette": 0,
      "warnings": 0
    },
    {
      "mode": "forward",
      "ww": true,
      "n": 10000,
      "seed": 127,
      "raw": 22.998,
      "raw_re": 0.0077991,
      "norm": 0.00011499,
      "norm_re": 0.0077991,
      "zero": 0.0,
      "zero_re": 0.0,
      "split": 0,
      "roulette": 0,
      "warnings": 0
    },
    {
      "mode": "forward",
      "ww": true,
      "n": 10000,
      "seed": 131,
      "raw": 23.176,
      "raw_re": 0.007881,
      "norm": 0.00011588,
      "norm_re": 0.007881,
      "zero": 0.0,
      "zero_re": 0.0,
      "split": 0,
      "roulette": 0,
      "warnings": 0
    },
    {
      "mode": "forward",
      "ww": true,
      "n": 10000,
      "seed": 137,
      "raw": 23.05,
      "raw_re": 0.0078815,
      "norm": 0.00011525,
      "norm_re": 0.0078815,
      "zero": 0.0,
      "zero_re": 0.0,
      "split": 0,
      "roulette": 0,
      "warnings": 0
    },
    {
      "mode": "forward",
      "ww": true,
      "n": 10000,
      "seed": 139,
      "raw": 23.155,
      "raw_re": 0.007851,
      "norm": 0.00011578,
      "norm_re": 0.007851,
      "zero": 0.0,
      "zero_re": 0.0,
      "split": 0,
      "roulette": 0,
      "warnings": 0
    },
    {
      "mode": "forward",
      "ww": true,
      "n": 10000,
      "seed": 149,
      "raw": 22.902,
      "raw_re": 0.0077751,
      "norm": 0.00011451,
      "norm_re": 0.0077751,
      "zero": 0.0,
      "zero_re": 0.0,
      "split": 0,
      "roulette": 0,
      "warnings": 0
    },
    {
      "mode": "adjoint",
      "ww": false,
      "n": 10000,
      "seed": 101,
      "raw": 0.0,
      "raw_re": 0.0,
      "norm": 0.0,
      "norm_re": 0.0,
      "zero": 0.0,
      "zero_re": 0.0,
      "split": 0,
      "roulette": 0,
      "warnings": 1
    }
  ],
  "analog_n2500": {
    "count": 5,
    "mean_re": 0.0180424,
    "sd_re": 0.0001120169630011462,
    "mean_value": 0.00011643,
    "sd_value": 1.449258431060518e-06,
    "mean_reported_sigma": 2.100631336763453e-06
  },
  "analog_n10000": {
    "count": 10,
    "mean_re": 0.00913662,
    "sd_re": 6.776829478286833e-05,
    "mean_value": 0.000115219,
    "sd_value": 8.940227439314199e-07,
    "mean_reported_sigma": 1.0526909068004355e-06
  },
  "analog_n40000": {
    "count": 5,
    "mean_re": 0.00458392,
    "sd_re": 4.123348154109629e-06,
    "mean_value": 0.000114772,
    "sd_value": 5.164010069703563e-07,
    "mean_reported_sigma": 5.261116548520666e-07
  },
  "ww_n10000": {
    "count": 10,
    "mean_re": 0.00780196,
    "sd_re": 0.00010743194434927934,
    "mean_value": 0.000114852,
    "sd_value": 7.955822466037749e-07,
    "mean_reported_sigma": 8.962804880783843e-07
  },
  "adjoint_n10000": {
    "count": 1,
    "mean_re": 0.0,
    "sd_re": 0,
    "mean_value": 0.0,
    "sd_value": 0,
    "mean_reported_sigma": 0.0
  },
  "scaling": {
    "RE_2500_over_10000": 1.9747346392867384,
    "RE_10000_over_40000": 1.9931892354142307
  },
  "empirical_Q_analog_10000": 0.8492737404265475,
  "empirical_Q_ww_10000": 0.8876487407524565,
  "normalize_ratios": [
    200000.00000000003,
    199991.27247338102,
    199991.31567520625,
    200000.0,
    200008.7237197941,
    199991.3284772806,
    199991.30132219903,
    199991.31341209172,
    200000.0,
    200000.0
  ],
  "normalize_RE_differences": [
    0.0,
    0.0,
    0.0,
    0.0,
    0.0,
    0.0,
    0.0,
    0.0,
    0.0,
    0.0
  ]
}
