manifest_sha256=44dd24ccf1941d1f4191729c00c0eaea2c48a0c5673a26ddec07bb5b887fa439
run_count=40 paired_seed_count=20
anomaly_lines=0 explained_warning_lines=0
per-seed:
density_case=high_inner_low_outer,pair=g14_to_g15,seed=1,R_F=0.093359,sigma_F=0.0003643988488,RE_F=0.0039032,R_A=0.093133,sigma_A=0.00032611451279999996,RE_A=0.0035016,delta=0.00022600000000000398,sigma_delta=0.0004890165605227972,z=0.4621520378745296,pass_abs_z_le_3=True
density_case=high_inner_low_outer,pair=g14_to_g15,seed=3,R_F=0.093221,sigma_F=0.0003633381696,RE_F=0.0038976,R_A=0.092927,sigma_A=0.00032565337879999996,RE_A=0.0035044,delta=0.0002940000000000026,sigma_delta=0.00048791879305078487,z=0.6025592868881394,pass_abs_z_le_3=True
density_case=high_inner_low_outer,pair=g14_to_g15,seed=5,R_F=0.094316,sigma_F=0.00036624789119999997,RE_F=0.0038832,R_A=0.093762,sigma_A=0.000327745071,RE_A=0.0034955,delta=0.0005539999999999989,sigma_delta=0.0004914817894624805,z=1.1272035136965965,pass_abs_z_le_3=True
density_case=high_inner_low_outer,pair=g14_to_g15,seed=7,R_F=0.093144,sigma_F=0.00036422098320000005,RE_F=0.0039103,R_A=0.093115,sigma_A=0.0003259863035,RE_A=0.0035009,delta=2.9000000000001247e-05,sigma_delta=0.0004887985215533788,z=0.05932914835306909,pass_abs_z_le_3=True
density_case=high_inner_low_outer,pair=g14_to_g15,seed=9,R_F=0.093802,sigma_F=0.00036481473840000003,RE_F=0.0038892,R_A=0.093692,sigma_A=0.000327078772,RE_A=0.003491,delta=0.00010999999999999899,sigma_delta=0.0004899697097238649,z=0.22450367403730392,pass_abs_z_le_3=True
density_case=high_inner_low_outer,pair=g20_to_g22,seed=1,R_F=0.085004,sigma_F=0.00034431720239999993,RE_F=0.0040506,R_A=0.085489,sigma_A=0.000273906756,RE_A=0.003204,delta=-0.0004849999999999993,sigma_delta=0.0004399764162441051,z=-1.1023318116462735,pass_abs_z_le_3=True
density_case=high_inner_low_outer,pair=g20_to_g22,seed=3,R_F=0.085168,sigma_F=0.00034409575359999994,RE_F=0.0040402,R_A=0.085513,sigma_A=0.0002744454222,RE_A=0.0032094,delta=-0.00034500000000001196,sigma_delta=0.00044013881607066663,z=-0.78384361343086,pass_abs_z_le_3=True
density_case=high_inner_low_outer,pair=g20_to_g22,seed=5,R_F=0.08493,sigma_F=0.00034209804000000005,RE_F=0.004028,R_A=0.085309,sigma_A=0.0002735433085,RE_A=0.0032065,delta=-0.00037899999999999046,sigma_delta=0.00043801485202783687,z=-0.8652674635240545,pass_abs_z_le_3=True
density_case=high_inner_low_outer,pair=g20_to_g22,seed=7,R_F=0.084725,sigma_F=0.000341695925,RE_F=0.004033,R_A=0.085156,sigma_A=0.00027251623119999995,RE_A=0.0032002,delta=-0.0004310000000000008,sigma_delta=0.0004370597229544922,z=-0.9861352519204285,pass_abs_z_le_3=True
density_case=high_inner_low_outer,pair=g20_to_g22,seed=9,R_F=0.085919,sigma_F=0.0003455318504,RE_F=0.0040216,R_A=0.085078,sigma_A=0.0002727855914,RE_A=0.0032063,delta=0.0008409999999999945,sigma_delta=0.00044023202804463886,z=1.9103562358591466,pass_abs_z_le_3=True
density_case=low_inner_high_outer,pair=g14_to_g15,seed=1,R_F=0.19084,sigma_F=0.00042513426800000004,RE_F=0.0022277,R_A=0.18988,sigma_A=0.000699005244,RE_A=0.0036813,delta=0.0009600000000000164,sigma_delta=0.0008181365882096922,z=1.1733982000496523,pass_abs_z_le_3=True
density_case=low_inner_high_outer,pair=g14_to_g15,seed=3,R_F=0.19172,sigma_F=0.000425848464,RE_F=0.0022212,R_A=0.19162,sigma_A=0.000703092104,RE_A=0.0036692,delta=9.999999999998899e-05,sigma_delta=0.0008220008643537464,z=0.12165437329388767,pass_abs_z_le_3=True
density_case=low_inner_high_outer,pair=g14_to_g15,seed=5,R_F=0.19105,sigma_F=0.00042521998500000003,RE_F=0.0022257,R_A=0.19137,sigma_A=0.000701026584,RE_A=0.0036632,delta=-0.0003200000000000147,sigma_delta=0.0008199087187718577,z=-0.39028734866893855,pass_abs_z_le_3=True
density_case=low_inner_high_outer,pair=g14_to_g15,seed=7,R_F=0.19171,sigma_F=0.000425768739,RE_F=0.0022209,R_A=0.19202,sigma_A=0.000703791704,RE_A=0.0036652,delta=-0.0003100000000000047,sigma_delta=0.0008225580719492538,z=-0.3768730872282165,pass_abs_z_le_3=True
density_case=low_inner_high_outer,pair=g14_to_g15,seed=9,R_F=0.19134,sigma_F=0.000425425356,RE_F=0.0022234,R_A=0.19105,sigma_A=0.000701210815,RE_A=0.0036703,delta=0.00029000000000001247,sigma_delta=0.000820172750462176,z=0.3535840465762785,pass_abs_z_le_3=True
density_case=low_inner_high_outer,pair=g20_to_g22,seed=1,R_F=0.18704,sigma_F=0.00035604934400000003,RE_F=0.0019036,R_A=0.18751,sigma_A=0.0007160256860000001,RE_A=0.0038186,delta=-0.0004699999999999982,sigma_delta=0.0007996648787927359,z=-0.5877462077733902,pass_abs_z_le_3=True
density_case=low_inner_high_outer,pair=g20_to_g22,seed=3,R_F=0.18715,sigma_F=0.00035652075,RE_F=0.001905,R_A=0.18823,sigma_A=0.0007189256620000001,RE_A=0.0038194,delta=-0.0010799999999999976,sigma_delta=0.0008024719014786131,z=-1.3458415154599415,pass_abs_z_le_3=True
density_case=low_inner_high_outer,pair=g20_to_g22,seed=5,R_F=0.18766,sigma_F=0.000357060682,RE_F=0.0019027,R_A=0.18665,sigma_A=0.0007132456450000001,RE_A=0.0038213,delta=0.0010099999999999831,sigma_delta=0.0007976287863046137,z=1.2662531961506527,pass_abs_z_le_3=True
density_case=low_inner_high_outer,pair=g20_to_g22,seed=7,R_F=0.18734,sigma_F=0.000357013838,RE_F=0.0019057,R_A=0.18733,sigma_A=0.000713240242,RE_A=0.0038074,delta=1.0000000000010001e-05,sigma_delta=0.0007976029860348498,z=0.012537565900703724,pass_abs_z_le_3=True
density_case=low_inner_high_outer,pair=g20_to_g22,seed=9,R_F=0.18623,sigma_F=0.000355457201,RE_F=0.0019087,R_A=0.18637,sigma_A=0.000711691119,RE_A=0.0038187,delta=-0.00014000000000000123,sigma_delta=0.0007955212571680449,z=-0.17598524079467534,pass_abs_z_le_3=True
combined:
density_case=high_inner_low_outer,pair=g14_to_g15,independent_seeds=5,R_F=0.09356629611404528,sigma_F=0.0001630542555602325,R_A=0.09332423988879192,sigma_A=0.00014602098273391994,delta=0.000242056225253362,sigma_delta=0.00021888082980215824,z=1.1058813395040192,pass_abs_z_le_3=True,all_individual_abs_z_le_3=True,max_individual_abs_z=1.1272035136965965
density_case=high_inner_low_outer,pair=g20_to_g22,independent_seeds=5,R_F=0.08514626036132004,sigma_F=0.0001536351791194481,R_A=0.0853081493026827,sigma_A=0.000122284608077219,delta=-0.00016188894136265342,sigma_delta=0.0001963601121298925,z=-0.8244492203974891,pass_abs_z_le_3=True,all_individual_abs_z_le_3=True,max_individual_abs_z=1.9103562358591466
density_case=low_inner_high_outer,pair=g14_to_g15,independent_seeds=5,R_F=0.1913315345767771,sigma_F=0.00019028002643638748,R_A=0.19118468188706753,sigma_A=0.0003137736439987533,delta=0.0001468526897095701,sigma_delta=0.0003669610171787852,z=0.4001860765445359,pass_abs_z_le_3=True,all_individual_abs_z_le_3=True,max_individual_abs_z=1.1733982000496523
density_case=low_inner_high_outer,pair=g20_to_g22,independent_seeds=5,R_F=0.18708246447498011,sigma_F=0.00015939533965656524,R_A=0.18721360365382517,sigma_A=0.00031958415977396276,delta=-0.00013113917884505222,sigma_delta=0.0003571287015666223,z=-0.3672042551320626,pass_abs_z_le_3=True,all_individual_abs_z_le_3=True,max_individual_abs_z=1.3458415154599415
overall:
independent_configurations=4,delta=1.4758003226233081e-05,sigma_delta=0.00012692325433131025,z=0.11627501440917971,pass_abs_z_le_3=True
criterion=no unexplained anomalies and all individual/combined/overall |z| <= 3; pass=True
