manifest_sha256=92ca51c6eb32eb07b5a15efcb3cc4617a415bed17cc4b51d3f57c7c9d2d51ddd
run_count=40 paired_seed_count=20
anomaly_lines=0 explained_warning_lines=0
per-seed:
density_case=high_inner_low_outer,pair=g14_to_g15,seed=1,R_F=0.093219,sigma_F=0.0008140162736999999,RE_F=0.0087323,R_A=0.093009,sigma_A=0.0007292928699,RE_A=0.0078411,delta=0.00021000000000000185,sigma_delta=0.001092927529132381,z=0.1921444875367995,pass_abs_z_le_3=True
density_case=high_inner_low_outer,pair=g14_to_g15,seed=3,R_F=0.093115,sigma_F=0.0008133688365000001,RE_F=0.0087351,R_A=0.09317,sigma_A=0.000727499311,RE_A=0.0078083,delta=-5.4999999999999494e-05,sigma_delta=0.0010912488770646403,z=-0.05040096824470002,pass_abs_z_le_3=True
density_case=high_inner_low_outer,pair=g14_to_g15,seed=5,R_F=0.093726,sigma_F=0.0008165971476,RE_F=0.0087126,R_A=0.093686,sigma_A=0.0007296734110000001,RE_A=0.0077885,delta=3.999999999999837e-05,sigma_delta=0.0010951046471405512,z=0.0365261896243826,pass_abs_z_le_3=True
density_case=high_inner_low_outer,pair=g14_to_g15,seed=7,R_F=0.092842,sigma_F=0.0008123489316,RE_F=0.0087498,R_A=0.092776,sigma_A=0.0007266030768,RE_A=0.0078318,delta=6.599999999999662e-05,sigma_delta=0.001089891195435071,z=0.06055650350827014,pass_abs_z_le_3=True
density_case=high_inner_low_outer,pair=g14_to_g15,seed=9,R_F=0.095257,sigma_F=0.0008223917837999998,RE_F=0.0086334,R_A=0.093537,sigma_A=0.0007288215965999999,RE_A=0.0077918,delta=0.0017199999999999993,sigma_delta=0.0010988672193364942,z=1.565248257235802,pass_abs_z_le_3=True
density_case=high_inner_low_outer,pair=g20_to_g22,seed=1,R_F=0.085134,sigma_F=0.0007760304635999999,RE_F=0.0091154,R_A=0.0857,sigma_A=0.00061452899,RE_A=0.0071707,delta=-0.0005659999999999971,sigma_delta=0.0009898834072685787,z=-0.5717845110282043,pass_abs_z_le_3=True
density_case=high_inner_low_outer,pair=g20_to_g22,seed=3,R_F=0.084862,sigma_F=0.000772032045,RE_F=0.0090975,R_A=0.085471,sigma_A=0.0006118356064,RE_A=0.0071584,delta=-0.0006089999999999984,sigma_delta=0.0009850767928267002,z=-0.6182259133853505,pass_abs_z_le_3=True
density_case=high_inner_low_outer,pair=g20_to_g22,seed=5,R_F=0.085527,sigma_F=0.0007693666812,RE_F=0.0089956,R_A=0.085498,sigma_A=0.0006117210904000001,RE_A=0.0071548,delta=2.9000000000001247e-05,sigma_delta=0.0009829179938229168,z=0.02950398729319214,pass_abs_z_le_3=True
density_case=high_inner_low_outer,pair=g20_to_g22,seed=7,R_F=0.081939,sigma_F=0.0007435964249999999,RE_F=0.009075,R_A=0.085803,sigma_A=0.000613920465,RE_A=0.007155,delta=-0.0038640000000000063,sigma_delta=0.0009642789952179798,z=-4.00713903254372,pass_abs_z_le_3=False
density_case=high_inner_low_outer,pair=g20_to_g22,seed=9,R_F=0.086022,sigma_F=0.0007702323858000001,RE_F=0.0089539,R_A=0.084722,sigma_A=0.0006072110462000001,RE_A=0.0071671,delta=0.0012999999999999956,sigma_delta=0.0009807972179622345,z=1.3254523730205483,pass_abs_z_le_3=True
density_case=low_inner_high_outer,pair=g14_to_g15,seed=1,R_F=0.19179,sigma_F=0.0009504728819999999,RE_F=0.0049558,R_A=0.18972,sigma_A=0.0015617181239999999,RE_A=0.0082317,delta=0.0020699999999999885,sigma_delta=0.001828212842709367,z=1.1322532867301702,pass_abs_z_le_3=True
density_case=low_inner_high_outer,pair=g14_to_g15,seed=3,R_F=0.19181,sigma_F=0.000952202383,RE_F=0.0049643,R_A=0.19116,sigma_A=0.0015696338760000002,RE_A=0.0082111,delta=0.0006500000000000117,sigma_delta=0.0018358757808952279,z=0.3540544555160765,pass_abs_z_le_3=True
density_case=low_inner_high_outer,pair=g14_to_g15,seed=5,R_F=0.19143,sigma_F=0.0009573031439999999,RE_F=0.0050008,R_A=0.19274,sigma_A=0.0015761120759999999,RE_A=0.0081774,delta=-0.0013100000000000056,sigma_delta=0.0018440603530322196,z=-0.7103888968958909,pass_abs_z_le_3=True
density_case=low_inner_high_outer,pair=g14_to_g15,seed=7,R_F=0.19076,sigma_F=0.000949431596,RE_F=0.0049771,R_A=0.19195,sigma_A=0.0015756791600000002,RE_A=0.0082088,delta=-0.0011899999999999966,sigma_delta=0.001839615495352606,z=-0.6468743077052115,pass_abs_z_le_3=True
density_case=low_inner_high_outer,pair=g14_to_g15,seed=9,R_F=0.19184,sigma_F=0.0009554974880000001,RE_F=0.0049807,R_A=0.19048,sigma_A=0.001557688296,RE_A=0.0081777,delta=0.00136,sigma_delta=0.0018273938483725106,z=0.7442292755944349,pass_abs_z_le_3=True
density_case=low_inner_high_outer,pair=g20_to_g22,seed=1,R_F=0.18746,sigma_F=0.0007992732019999999,RE_F=0.0042637,R_A=0.1875,sigma_A=0.00160066875,RE_A=0.0085369,delta=-4.000000000001225e-05,sigma_delta=0.001789127747999537,z=-0.02235726322211319,pass_abs_z_le_3=True
density_case=low_inner_high_outer,pair=g20_to_g22,seed=3,R_F=0.18838,sigma_F=0.000800652676,RE_F=0.0042502,R_A=0.18673,sigma_A=0.001597587188,RE_A=0.0085556,delta=0.0016499999999999848,sigma_delta=0.001786988956554491,z=0.9233409047929229,pass_abs_z_le_3=True
density_case=low_inner_high_outer,pair=g20_to_g22,seed=5,R_F=0.18914,sigma_F=0.000804185452,RE_F=0.0042518,R_A=0.18788,sigma_A=0.0015976751559999998,RE_A=0.0085037,delta=0.0012600000000000111,sigma_delta=0.0017886531651798983,z=0.70444065094827,pass_abs_z_le_3=True
density_case=low_inner_high_outer,pair=g20_to_g22,seed=7,R_F=0.18775,sigma_F=0.0008015986249999999,RE_F=0.0042695,R_A=0.18546,sigma_A=0.001584959706,RE_A=0.0085461,delta=0.0022899999999999865,sigma_delta=0.0017761355875173203,z=1.289315982458831,pass_abs_z_le_3=True
density_case=low_inner_high_outer,pair=g20_to_g22,seed=9,R_F=0.18562,sigma_F=0.00079510327,RE_F=0.0042835,R_A=0.18591,sigma_A=0.0015792496770000001,RE_A=0.0084947,delta=-0.0002899999999999847,sigma_delta=0.0017681116345608094,z=-0.1640167930188522,pass_abs_z_le_3=True
combined:
density_case=high_inner_low_outer,pair=g14_to_g15,independent_seeds=5,R_F=0.09362424895565874,sigma_F=0.0003648014338029236,R_A=0.09323483938331675,sigma_A=0.00032573934488752774,delta=0.0003894095723419866,sigma_delta=0.0004890666691898198,z=0.7962300374856385,pass_abs_z_le_3=True,all_individual_abs_z_le_3=True,max_individual_abs_z=1.565248257235802
density_case=high_inner_low_outer,pair=g20_to_g22,independent_seeds=5,R_F=0.08465595082391088,sigma_F=0.00034255795065245233,R_A=0.08543566172398726,sigma_A=0.00027361743405070714,delta=-0.0007797109000763774,sigma_delta=0.00043842040300572354,z=-1.7784548682744548,pass_abs_z_le_3=True,all_individual_abs_z_le_3=False,max_individual_abs_z=4.00713903254372
density_case=low_inner_high_outer,pair=g14_to_g15,independent_seeds=5,R_F=0.1915250670037153,sigma_F=0.00042618002333513267,R_A=0.19120109708346414,sigma_A=0.000701281891583088,delta=0.00032396992025116034,sigma_delta=0.000820625190785835,z=0.39478427409829453,pass_abs_z_le_3=True,all_individual_abs_z_le_3=True,max_individual_abs_z=1.1322532867301702
density_case=low_inner_high_outer,pair=g20_to_g22,independent_seeds=5,R_F=0.18766150737476,sigma_F=0.00035783607196879534,R_A=0.18668778706019684,sigma_A=0.0007119469519982266,delta=0.0009737203145631645,sigma_delta=0.0007968156103275224,z=1.2220146065699282,pass_abs_z_le_3=True,all_individual_abs_z_le_3=True,max_individual_abs_z=1.289315982458831
overall:
independent_configurations=4,delta=-3.325022433982607e-05,sigma_delta=0.00028348549941010224,z=-0.11729074118082095,pass_abs_z_le_3=True
criterion=no unexplained anomalies and all individual/combined/overall |z| <= 3; pass=False
