Copyrights Reserved by Reactor Engineering Analysis Laboratory(REAL).

      RRRRRRRR       MM         MM        CCCCCCCC   
      RRRRRRRRR      MMM       MMM      CCCCCCCCC    
      RRR    RRR     MMMM     MMMM     CCC           
      RRR    RR      MMMMM   MMMMM    CCC            
      RRRRRRRR       MM MMM MMM MM    CCC            
      RRR   RRR      MM  MMMMM  MM    CCC            
      RRR    RRR     MM   MMM   MM     CCCCCCCCCC    
      RRR     RRR   MMM         MMM      CCCCCCCCC   

Code version: 3.5.0

Build time  : 22:17:47 Sep 22 2026
Git commit  : b7d8a946417eea091a30c09c233054aa077570ee
Git tag  : v3.5.0-alpha.0-310-gb7d8a946
MPI parallel: OFF
OMP parallel: OFF
Visit REAL forum https://forum.reallab.org.cn for more information.

RMC Calculation Start.
Input File = inp     2026/09/22 22:22:16 Tuesday 

Reading input file...
Error: WWMESH parameter count (10) does not match mesh count (10) times energy-bin count (2).

Press ENTER to exit...
