rmc=/tmp/mlvr_f02_rmc_build/bin/RMC
rmc_sha256=eb1204f8c943432595e8e22e0685238db18a6ae0f6ae1a4832b1f21caf8d6c67
manifest_sha256=44dd24ccf1941d1f4191729c00c0eaea2c48a0c5673a26ddec07bb5b887fa439
run=1/40 exit_code=0 case=low_inner_high_outer/g14_to_g15/seed_1/forward
run=2/40 exit_code=0 case=low_inner_high_outer/g14_to_g15/seed_1/adjoint
run=3/40 exit_code=0 case=low_inner_high_outer/g14_to_g15/seed_3/forward
run=4/40 exit_code=0 case=low_inner_high_outer/g14_to_g15/seed_3/adjoint
run=5/40 exit_code=0 case=low_inner_high_outer/g14_to_g15/seed_5/forward
run=6/40 exit_code=0 case=low_inner_high_outer/g14_to_g15/seed_5/adjoint
run=7/40 exit_code=0 case=low_inner_high_outer/g14_to_g15/seed_7/forward
run=8/40 exit_code=0 case=low_inner_high_outer/g14_to_g15/seed_7/adjoint
run=9/40 exit_code=0 case=low_inner_high_outer/g14_to_g15/seed_9/forward
run=10/40 exit_code=0 case=low_inner_high_outer/g14_to_g15/seed_9/adjoint
run=11/40 exit_code=0 case=low_inner_high_outer/g20_to_g22/seed_1/forward
run=12/40 exit_code=0 case=low_inner_high_outer/g20_to_g22/seed_1/adjoint
run=13/40 exit_code=0 case=low_inner_high_outer/g20_to_g22/seed_3/forward
run=14/40 exit_code=0 case=low_inner_high_outer/g20_to_g22/seed_3/adjoint
run=15/40 exit_code=0 case=low_inner_high_outer/g20_to_g22/seed_5/forward
run=16/40 exit_code=0 case=low_inner_high_outer/g20_to_g22/seed_5/adjoint
run=17/40 exit_code=0 case=low_inner_high_outer/g20_to_g22/seed_7/forward
run=18/40 exit_code=0 case=low_inner_high_outer/g20_to_g22/seed_7/adjoint
run=19/40 exit_code=0 case=low_inner_high_outer/g20_to_g22/seed_9/forward
run=20/40 exit_code=0 case=low_inner_high_outer/g20_to_g22/seed_9/adjoint
run=21/40 exit_code=0 case=high_inner_low_outer/g14_to_g15/seed_1/forward
run=22/40 exit_code=0 case=high_inner_low_outer/g14_to_g15/seed_1/adjoint
run=23/40 exit_code=0 case=high_inner_low_outer/g14_to_g15/seed_3/forward
run=24/40 exit_code=0 case=high_inner_low_outer/g14_to_g15/seed_3/adjoint
run=25/40 exit_code=0 case=high_inner_low_outer/g14_to_g15/seed_5/forward
run=26/40 exit_code=0 case=high_inner_low_outer/g14_to_g15/seed_5/adjoint
run=27/40 exit_code=0 case=high_inner_low_outer/g14_to_g15/seed_7/forward
run=28/40 exit_code=0 case=high_inner_low_outer/g14_to_g15/seed_7/adjoint
run=29/40 exit_code=0 case=high_inner_low_outer/g14_to_g15/seed_9/forward
run=30/40 exit_code=0 case=high_inner_low_outer/g14_to_g15/seed_9/adjoint
run=31/40 exit_code=0 case=high_inner_low_outer/g20_to_g22/seed_1/forward
run=32/40 exit_code=0 case=high_inner_low_outer/g20_to_g22/seed_1/adjoint
run=33/40 exit_code=0 case=high_inner_low_outer/g20_to_g22/seed_3/forward
run=34/40 exit_code=0 case=high_inner_low_outer/g20_to_g22/seed_3/adjoint
run=35/40 exit_code=0 case=high_inner_low_outer/g20_to_g22/seed_5/forward
run=36/40 exit_code=0 case=high_inner_low_outer/g20_to_g22/seed_5/adjoint
run=37/40 exit_code=0 case=high_inner_low_outer/g20_to_g22/seed_7/forward
run=38/40 exit_code=0 case=high_inner_low_outer/g20_to_g22/seed_7/adjoint
run=39/40 exit_code=0 case=high_inner_low_outer/g20_to_g22/seed_9/forward
run=40/40 exit_code=0 case=high_inner_low_outer/g20_to_g22/seed_9/adjoint
run_count=40 failed_count=0
