Copyrights Reserved by Reactor Engineering Analysis Laboratory(REAL).

      RRRRRRRR       MM         MM        CCCCCCCC   
      RRRRRRRRR      MMM       MMM      CCCCCCCCC    
      RRR    RRR     MMMM     MMMM     CCC           
      RRR    RR      MMMMM   MMMMM    CCC            
      RRRRRRRR       MM MMM MMM MM    CCC            
      RRR   RRR      MM  MMMMM  MM    CCC            
      RRR    RRR     MM   MMM   MM     CCCCCCCCCC    
      RRR     RRR   MMM         MMM      CCCCCCCCC   

Code version: 3.5.0

Build time  : 18:45:59 Sep 23 2026
Git commit  : b7d8a946417eea091a30c09c233054aa077570ee
Git tag  : v3.5.0-alpha.0-310-gb7d8a946
MPI parallel: OFF
OMP parallel: OFF
Visit REAL forum https://forum.reallab.org.cn for more information.

RMC Calculation Start.
Input File = bootstrap_forward.inp     2026/09/27 12:20:24 Sunday 

Reading input file...

******** Calculation mode: fixed-source ********

Reading XSDIR/ACE library...
Finish reading XSDIR/ACE library.
neutron : 1000
neutron : 2000
neutron : 3000
neutron : 4000
neutron : 5000
neutron : 6000
neutron : 7000
neutron : 8000
neutron : 9000
neutron : 10000
neutron : 11000
neutron : 12000
neutron : 13000
neutron : 14000
neutron : 15000
neutron : 16000
neutron : 17000
neutron : 18000
neutron : 19000
neutron : 20000

Source Number : 20000.

Neutron collisions per source particle: 225.40 

RMC Calculation Finish.
Total Calculational Time: 0.0185 minutes

Input File = bootstrap_forward.inp   Output File = bootstrap_forward.inp.out     2026/09/27 12:20:25 Sunday
 Total Calculation Time                   = 1.1070e+00 seconds
 Time in Reading input blocks             = 2.9240e-04 seconds
 Time in Fixed Source Calculation         = 1.1067e+00 seconds
 Time in Photon Transport                 = 0.0000e+00 seconds
 Time in Photon Collision                 = 0.0000e+00 seconds
 Time in Photon XS lookup                 = 0.0000e+00 seconds
 Time in Photon tracking                  = 0.0000e+00 seconds
 Time in Tally Process                    = 2.9514e-01 seconds
