Copyrights Reserved by Reactor Engineering Analysis Laboratory(REAL).

      RRRRRRRR       MM         MM        CCCCCCCC   
      RRRRRRRRR      MMM       MMM      CCCCCCCCC    
      RRR    RRR     MMMM     MMMM     CCC           
      RRR    RR      MMMMM   MMMMM    CCC            
      RRRRRRRR       MM MMM MMM MM    CCC            
      RRR   RRR      MM  MMMMM  MM    CCC            
      RRR    RRR     MM   MMM   MM     CCCCCCCCCC    
      RRR     RRR   MMM         MMM      CCCCCCCCC   

Code version: 3.5.0

Build time  : 02:38:20 Aug 25 2026
Git commit  : 4d3e1aac60f1c40062f05e5d532afb6c7eb6fb4b
MPI parallel: OFF

Visit REAL forum https://forum.reallab.org.cn for more information.

RMC Calculation Start.
Input File = inp     2026/08/25 03:15:12 Tuesday 

------------------ Input File Start -------------------- 
UNIVERSE 0
CELL 1 -1 MAT=1 DENS=0.1004476876
CELL 2 1 MAT=0 VOID=1

SURFACE
SURF 1 SO 5.0

MATERIAL
MAT 1 0.1004476876
    1001.50m 2.0
    8016.50m 1.0
MGACE ERGGRP=30 12

FIXEDSOURCE
PARTICLE POPULATION=200000
RNG TYPE=2 SEED=1 STRIDE=1000000
ADJOINT ADJOINTCALCULATION=1 MAXADJOINTENERGY=16 16

EXTERNALSOURCE
SOURCE 1 FRACTION=1 PARTICLE=1 CELL=1 WEIGHT=1 ENERGY=0.2435

TALLY
CELLTALLY 1 TYPE=1 ESTIMATOR=1 PARTICLE=1 CELL=1 ENERGY=-1

---------------------- Input File End------------------------ 

Reading input file...

******** Calculation mode: fixed-source ********

Reading XSDIR/ACE library...
Finish reading XSDIR/ACE library.
Cell-mapping method is used to accelerate tally treatment.
Warning: particle energy larger than maximum energy group upper bound.

Source Number : 200000.

1 warning found.

Neutron collisions per source particle: 2.39 

RMC Calculation Finish.
Total Calculational Time: 0.0047 minutes

Input File = inp   Output File = inp.out     2026/08/25 03:15:12 Tuesday
 Total Calculation Time                   = 2.8306e-01 seconds

Time spent in each part of calculation:
 Time in Reading input blocks             = 2.4321e-04 seconds
 Time in Fixed Source Calculation         = 2.8268e-01 seconds
 Calculation rate in Fixed Source         = 7.0751e+05 particles/second
 Time in Photon Transport                 = 0.0000e+00 seconds
 Time in Photon Collision                 = 0.0000e+00 seconds
 Time in Photon XS lookup                 = 0.0000e+00 seconds
 Time in Photon tracking                  = 0.0000e+00 seconds
 Time in Tally Process                    = 6.7049e-02 seconds
