[  0%] Built target RNG
[  0%] Built target fmt
[  0%] Built target spdlog
[  6%] Built target Depth
[  6%] Building CXX object CMakeFiles/RMC.dir/src/AcceFsc.cpp.o
[  6%] Building CXX object CMakeFiles/RMC.dir/src/AdAllGather.cpp.o
[  6%] Building CXX object CMakeFiles/RMC.dir/src/AdCalcAveRe.cpp.o
[  6%] Building CXX object CMakeFiles/RMC.dir/src/AdBackupBurnup.cpp.o
[  6%] Building CXX object CMakeFiles/RMC.dir/src/AdFissionRate.cpp.o
[  6%] Building CXX object CMakeFiles/RMC.dir/src/AdForceFission.cpp.o
[  6%] Building CXX object CMakeFiles/RMC.dir/src/AdForceScat.cpp.o
[  6%] Building CXX object CMakeFiles/RMC.dir/src/AdInitialGeneralSenNucDataTally.cpp.o
[  6%] Building CXX object CMakeFiles/RMC.dir/src/AdInitialKSenNucDataTally.cpp.o
[  6%] Building CXX object CMakeFiles/RMC.dir/src/AdInitiateBurnupSU.cpp.o
[  6%] Building CXX object CMakeFiles/RMC.dir/src/AdInitialization.cpp.o
[  6%] Building CXX object CMakeFiles/RMC.dir/src/AdJudgeBlock.cpp.o
[  8%] Building CXX object CMakeFiles/RMC.dir/src/AdJudgeNuc.cpp.o
[  8%] Building CXX object CMakeFiles/RMC.dir/src/AdOpenFilePtr.cpp.o
[  8%] Building CXX object CMakeFiles/RMC.dir/src/AdOutputAd.cpp.o
[  8%] Building CXX object CMakeFiles/RMC.dir/src/AdOutputUncertainty.cpp.o
[  8%] Building CXX object CMakeFiles/RMC.dir/src/AdProcessBlockEnd.cpp.o
[  8%] Building CXX object CMakeFiles/RMC.dir/src/AdProcessBlockEnd_G.cpp.o
[  8%] Building CXX object CMakeFiles/RMC.dir/src/AdProcessPseudoPar.cpp.o
[  8%] Building CXX object CMakeFiles/RMC.dir/src/AdReadAdjointBlock.cpp.o
[  8%] Building CXX object CMakeFiles/RMC.dir/src/AdReadCellTally.cpp.o
[  8%] Building CXX object CMakeFiles/RMC.dir/src/AdReadTallyID.cpp.o
[  8%] Building CXX object CMakeFiles/RMC.dir/src/AdTallyAtSurf.cpp.o
[  8%] Building CXX object CMakeFiles/RMC.dir/src/AdTallyCollisionTerm.cpp.o
[  8%] Building CXX object CMakeFiles/RMC.dir/src/AdTallyFissionTerm.cpp.o
In file included from /usr/include/c++/13/string:51,
                 from /home/workspace/AI_MC_WW_interation/RMC/src/CommonHead.h:16,
                 from /home/workspace/AI_MC_WW_interation/RMC/src/Input.h:8,
                 from /home/workspace/AI_MC_WW_interation/RMC/src/AdReadCellTally.cpp:4:
In static member function ‘static _Up* std::__copy_move<_IsMove, true, std::random_access_iterator_tag>::__copy_m(_Tp*, _Tp*, _Up*) [with _Tp = long unsigned int; _Up = long unsigned int; bool _IsMove = false]’,
    inlined from ‘_OI std::__copy_move_a2(_II, _II, _OI) [with bool _IsMove = false; _II = long unsigned int*; _OI = long unsigned int*]’ at /usr/include/c++/13/bits/stl_algobase.h:506:30,
    inlined from ‘_OI std::__copy_move_a1(_II, _II, _OI) [with bool _IsMove = false; _II = long unsigned int*; _OI = long unsigned int*]’ at /usr/include/c++/13/bits/stl_algobase.h:533:42,
    inlined from ‘_OI std::__copy_move_a(_II, _II, _OI) [with bool _IsMove = false; _II = long unsigned int*; _OI = long unsigned int*]’ at /usr/include/c++/13/bits/stl_algobase.h:540:31,
    inlined from ‘_OI std::copy(_II, _II, _OI) [with _II = long unsigned int*; _OI = long unsigned int*]’ at /usr/include/c++/13/bits/stl_algobase.h:633:7,
    inlined from ‘std::vector<bool, _Alloc>::iterator std::vector<bool, _Alloc>::_M_copy_aligned(const_iterator, const_iterator, iterator) [with _Alloc = std::allocator<bool>]’ at /usr/include/c++/13/bits/stl_bvector.h:1342:28,
    inlined from ‘void std::vector<bool, _Alloc>::_M_fill_insert(iterator, size_type, bool) [with _Alloc = std::allocator<bool>]’ at /usr/include/c++/13/bits/vector.tcc:879:34,
    inlined from ‘std::vector<bool, _Alloc>::iterator std::vector<bool, _Alloc>::insert(const_iterator, size_type, const bool&) [with _Alloc = std::allocator<bool>]’ at /usr/include/c++/13/bits/stl_bvector.h:1242:16,
    inlined from ‘void std::vector<bool, _Alloc>::resize(size_type, bool) [with _Alloc = std::allocator<bool>]’ at /usr/include/c++/13/bits/stl_bvector.h:1288:10,
    inlined from ‘CDBin::CDBin()’ at /home/workspace/AI_MC_WW_interation/RMC/src/TallyData.h:230:25:
/usr/include/c++/13/bits/stl_algobase.h:437:30: warning: ‘void* __builtin_memmove(void*, const void*, long unsigned int)’ writing between 9 and 9223372036854775807 bytes into a region of size 8 overflows the destination [-Wstringop-overflow=]
  437 |             __builtin_memmove(__result, __first, sizeof(_Tp) * _Num);
      |             ~~~~~~~~~~~~~~~~~^~~~~~~~~~~~~~~~~~~~~~~~~~~~~~~~~~~~~~~
In file included from /usr/include/x86_64-linux-gnu/c++/13/bits/c++allocator.h:33,
                 from /usr/include/c++/13/bits/allocator.h:46,
                 from /usr/include/c++/13/string:43:
In member function ‘_Tp* std::__new_allocator<_Tp>::allocate(size_type, const void*) [with _Tp = long unsigned int]’,
    inlined from ‘static _Tp* std::allocator_traits<std::allocator<_CharT> >::allocate(allocator_type&, size_type) [with _Tp = long unsigned int]’ at /usr/include/c++/13/bits/alloc_traits.h:482:28,
    inlined from ‘std::_Bvector_base<_Alloc>::_Bit_pointer std::_Bvector_base<_Alloc>::_M_allocate(std::size_t) [with _Alloc = std::allocator<bool>]’ at /usr/include/c++/13/bits/stl_bvector.h:679:48,
    inlined from ‘void std::vector<bool, _Alloc>::_M_fill_insert(iterator, size_type, bool) [with _Alloc = std::allocator<bool>]’ at /usr/include/c++/13/bits/vector.tcc:877:40,
    inlined from ‘std::vector<bool, _Alloc>::iterator std::vector<bool, _Alloc>::insert(const_iterator, size_type, const bool&) [with _Alloc = std::allocator<bool>]’ at /usr/include/c++/13/bits/stl_bvector.h:1242:16,
    inlined from ‘void std::vector<bool, _Alloc>::resize(size_type, bool) [with _Alloc = std::allocator<bool>]’ at /usr/include/c++/13/bits/stl_bvector.h:1288:10,
    inlined from ‘CDBin::CDBin()’ at /home/workspace/AI_MC_WW_interation/RMC/src/TallyData.h:230:25:
/usr/include/c++/13/bits/new_allocator.h:151:55: note: destination object of size 8 allocated by ‘operator new’
  151 |         return static_cast<_Tp*>(_GLIBCXX_OPERATOR_NEW(__n * sizeof(_Tp)));
      |                                                       ^
[  8%] Building CXX object CMakeFiles/RMC.dir/src/AdTallyScatteringTerm.cpp.o
[  8%] Building CXX object CMakeFiles/RMC.dir/src/AdTreatFission.cpp.o
[  8%] Building CXX object CMakeFiles/RMC.dir/src/Ad_CalUncertainty.cpp.o
[ 10%] Building CXX object CMakeFiles/RMC.dir/src/Ad_EnergyDefault.cpp.o
[ 10%] Building CXX object CMakeFiles/RMC.dir/src/Ad_InitialConstrain.cpp.o
[ 10%] Building CXX object CMakeFiles/RMC.dir/src/Ad_ReadCovdirAndSelect.cpp.o
[ 10%] Building CXX object CMakeFiles/RMC.dir/src/AdaptActiveCycleNum.cpp.o
[ 10%] Building CXX object CMakeFiles/RMC.dir/src/AddBranch.cpp.o
[ 10%] Building CXX object CMakeFiles/RMC.dir/src/AddBurnNucToMat.cpp.o
[ 10%] Building CXX object CMakeFiles/RMC.dir/src/AddNegativeReaction.cpp.o
[ 10%] Building CXX object CMakeFiles/RMC.dir/src/AdjustOrigin.cpp.o
[ 10%] Building CXX object CMakeFiles/RMC.dir/src/AutoConverge.cpp.o
[ 10%] Building CXX object CMakeFiles/RMC.dir/src/BalanceBurnCell.cpp.o
[ 10%] Building CXX object CMakeFiles/RMC.dir/src/BalanceFisBank.cpp.o
[ 10%] Building CXX object CMakeFiles/RMC.dir/src/BalanceFissChain.cpp.o
[ 10%] Building CXX object CMakeFiles/RMC.dir/src/BankElecIndusGma.cpp.o
[ 10%] Building CXX object CMakeFiles/RMC.dir/src/BankFisSource.cpp.o
[ 10%] Building CXX object CMakeFiles/RMC.dir/src/BankFluxNeuSource.cpp.o
[ 10%] Building CXX object CMakeFiles/RMC.dir/src/BankGeometryParticle.cpp.o
[ 13%] Building CXX object CMakeFiles/RMC.dir/src/BankNeuGma.cpp.o
[ 13%] Building CXX object CMakeFiles/RMC.dir/src/BankNeuSource.cpp.o
[ 13%] Building CXX object CMakeFiles/RMC.dir/src/BankPhoNeu.cpp.o
[ 13%] Building CXX object CMakeFiles/RMC.dir/src/BankSecondaryElectron.cpp.o
[ 13%] Building CXX object CMakeFiles/RMC.dir/src/BankSrcPerb.cpp.o
[ 13%] Building CXX object CMakeFiles/RMC.dir/src/BankVirtualNeuSource.cpp.o
[ 13%] Building CXX object CMakeFiles/RMC.dir/src/BinFun.cpp.o
[ 13%] Building CXX object CMakeFiles/RMC.dir/src/BoneCalcAlpha.cpp.o
[ 13%] Building CXX object CMakeFiles/RMC.dir/src/BoneCalculation.cpp.o
[ 13%] Building CXX object CMakeFiles/RMC.dir/src/BuildCoreXS.cpp.o
[ 13%] Building CXX object CMakeFiles/RMC.dir/src/BuildDem.cpp.o
[ 13%] Building CXX object CMakeFiles/RMC.dir/src/BuildNeiCellsList.cpp.o
[ 13%] Building CXX object CMakeFiles/RMC.dir/src/BuildODR.cpp.o
[ 13%] Building CXX object CMakeFiles/RMC.dir/src/BurnupClass.cpp.o
[ 13%] Building CXX object CMakeFiles/RMC.dir/src/BurnupStrategy.cpp.o
[ 13%] Building CXX object CMakeFiles/RMC.dir/src/CDLandauParameter.cpp.o
[ 13%] Building CXX object CMakeFiles/RMC.dir/src/CLSCorrection.cpp.o
[ 13%] Building CXX object CMakeFiles/RMC.dir/src/Cal3Dindex.cpp.o
[ 13%] Building CXX object CMakeFiles/RMC.dir/src/CalBOneMatBuck.cpp.o
[ 13%] Building CXX object CMakeFiles/RMC.dir/src/CalDensityEffectFactor.cpp.o
[ 13%] Building CXX object CMakeFiles/RMC.dir/src/CalIntraGenTerm.cpp.o
[ 13%] Building CXX object CMakeFiles/RMC.dir/src/CalNextGeoIterValue.cpp.o
[ 13%] Building CXX object CMakeFiles/RMC.dir/src/CalNextMatIterValue.cpp.o
[ 13%] Building CXX object CMakeFiles/RMC.dir/src/CalNucDen2NucDenUnc.cpp.o
[ 13%] Building CXX object CMakeFiles/RMC.dir/src/CalNucMicroXS.cpp.o
[ 13%] Building CXX object CMakeFiles/RMC.dir/src/CalPertBurnup.cpp.o
[ 13%] Building CXX object CMakeFiles/RMC.dir/src/CalRea2NucDenUnc.cpp.o
[ 13%] Building CXX object CMakeFiles/RMC.dir/src/CalScreenFactor.cpp.o
[ 13%] Building CXX object CMakeFiles/RMC.dir/src/CalSubstepNum.cpp.o
[ 15%] Building CXX object CMakeFiles/RMC.dir/src/CalTotNeuGmaCs.cpp.o
[ 15%] Building CXX object CMakeFiles/RMC.dir/src/CalcAdjTally.cpp.o
[ 15%] Building CXX object CMakeFiles/RMC.dir/src/CalcAttenuator.cpp.o
[ 15%] Building CXX object CMakeFiles/RMC.dir/src/CalcBoneKeff.cpp.o
[ 15%] Building CXX object CMakeFiles/RMC.dir/src/CalcBoneMatrix.cpp.o
[ 15%] Building CXX object CMakeFiles/RMC.dir/src/CalcBurnup.cpp.o
[ 15%] Building CXX object CMakeFiles/RMC.dir/src/CalcBurstTime.cpp.o
[ 15%] Building CXX object CMakeFiles/RMC.dir/src/CalcCellPower.cpp.o
[ 15%] Building CXX object CMakeFiles/RMC.dir/src/CalcColliNucCs.cpp.o
[ 15%] Building CXX object CMakeFiles/RMC.dir/src/CalcCosine.cpp.o
[ 15%] Building CXX object CMakeFiles/RMC.dir/src/CalcCriticality.cpp.o
[ 15%] Building CXX object CMakeFiles/RMC.dir/src/CalcDF.cpp.o
[ 15%] Building CXX object CMakeFiles/RMC.dir/src/CalcDecayIntensity.cpp.o
[ 15%] Building CXX object CMakeFiles/RMC.dir/src/CalcDem.cpp.o
[ 15%] Building CXX object CMakeFiles/RMC.dir/src/CalcDerOfPerbMatDenToTemp.cpp.o
[ 17%] Building CXX object CMakeFiles/RMC.dir/src/CalcDistToBound.cpp.o
[ 17%] Building CXX object CMakeFiles/RMC.dir/src/CalcDistToBound_MinDis.cpp.o
[ 17%] Building CXX object CMakeFiles/RMC.dir/src/CalcDistToLat.cpp.o
[ 17%] Building CXX object CMakeFiles/RMC.dir/src/CalcDistToSurf.cpp.o
[ 17%] Building CXX object CMakeFiles/RMC.dir/src/CalcDistToTorus.cpp.o
[ 17%] Building CXX object CMakeFiles/RMC.dir/src/CalcDose.cpp.o
[ 17%] Building CXX object CMakeFiles/RMC.dir/src/CalcFissionSpectrum.cpp.o
[ 17%] Building CXX object CMakeFiles/RMC.dir/src/CalcFixedSource.cpp.o
[ 17%] Building CXX object CMakeFiles/RMC.dir/src/CalcFreeGasScatProb.cpp.o
[ 17%] Building CXX object CMakeFiles/RMC.dir/src/CalcGeoPertCoeff.cpp.o
[ 17%] Building CXX object CMakeFiles/RMC.dir/src/CalcGeoSensitivity.cpp.o
[ 17%] Building CXX object CMakeFiles/RMC.dir/src/CalcGmaNum.cpp.o
[ 17%] Building CXX object CMakeFiles/RMC.dir/src/CalcGroupConstant.cpp.o
[ 17%] Building CXX object CMakeFiles/RMC.dir/src/CalcKinetics.cpp.o
[ 17%] Building CXX object CMakeFiles/RMC.dir/src/CalcMPNComponent.cpp.o
[ 17%] Building CXX object CMakeFiles/RMC.dir/src/CalcMXSSArray.cpp.o
[ 19%] Building CXX object CMakeFiles/RMC.dir/src/CalcMXSTable.cpp.o
[ 19%] Building CXX object CMakeFiles/RMC.dir/src/CalcMatFisQ.cpp.o
[ 19%] Building CXX object CMakeFiles/RMC.dir/src/CalcMatMacroXS.cpp.o
[ 19%] Building CXX object CMakeFiles/RMC.dir/src/CalcMeshAdjFluxAveRe.cpp.o
[ 19%] Building CXX object CMakeFiles/RMC.dir/src/CalcMinDistToLat.cpp.o
[ 19%] Building CXX object CMakeFiles/RMC.dir/src/CalcMinDistToSurf.cpp.o
[ 19%] Building CXX object CMakeFiles/RMC.dir/src/CalcMultGroupNucMicroXS.cpp.o
[ 19%] Building CXX object CMakeFiles/RMC.dir/src/CalcMultiplier.cpp.o
[ 19%] Building CXX object CMakeFiles/RMC.dir/src/CalcNeuGmaCs.cpp.o
[ 19%] Building CXX object CMakeFiles/RMC.dir/src/CalcNeuLeakRate.cpp.o
[ 19%] Building CXX object CMakeFiles/RMC.dir/src/CalcNeuScatProb.cpp.o
[ 19%] Building CXX object CMakeFiles/RMC.dir/src/CalcNucMajXS.cpp.o
[ 19%] Building CXX object CMakeFiles/RMC.dir/src/CalcPNByCollision.cpp.o
[ 19%] Building CXX object CMakeFiles/RMC.dir/src/CalcPNCs.cpp.o
[ 19%] Building CXX object CMakeFiles/RMC.dir/src/CalcPhoScatProb.cpp.o
[ 21%] Building CXX object CMakeFiles/RMC.dir/src/CalcPoi.cpp.o
[ 21%] Building CXX object CMakeFiles/RMC.dir/src/CalcPointBurnup.cpp.o
[ 21%] Building CXX object CMakeFiles/RMC.dir/src/CalcPolynomial.cpp.o
[ 21%] Building CXX object CMakeFiles/RMC.dir/src/CalcPosNBTM.cpp.o
[ 21%] Building CXX object CMakeFiles/RMC.dir/src/CalcPosSNTM.cpp.o
[ 21%] Building CXX object CMakeFiles/RMC.dir/src/CalcRelativeError.cpp.o
[ 21%] Building CXX object CMakeFiles/RMC.dir/src/CalcSabScatProb.cpp.o
[ 21%] Building CXX object CMakeFiles/RMC.dir/src/CalcSegment.cpp.o
[ 21%] Building CXX object CMakeFiles/RMC.dir/src/CalcSrcPerbFactor.cpp.o
[ 21%] Building CXX object CMakeFiles/RMC.dir/src/CalcSurfSense.cpp.o
[ 21%] Building CXX object CMakeFiles/RMC.dir/src/CalcTallyFlag.cpp.o
[ 21%] Building CXX object CMakeFiles/RMC.dir/src/CalcTallyScore.cpp.o
[ 21%] Building CXX object CMakeFiles/RMC.dir/src/CalcTallyXs.cpp.o
[ 21%] Building CXX object CMakeFiles/RMC.dir/src/CalcTallyXsforMultiplier.cpp.o
[ 21%] Building CXX object CMakeFiles/RMC.dir/src/CalcTimeAbsMacroCs.cpp.o
[ 21%] Building CXX object CMakeFiles/RMC.dir/src/CalcTotCsForPointTally.cpp.o
[ 21%] Building CXX object CMakeFiles/RMC.dir/src/CalcXeEquilCs.cpp.o
[ 23%] Building CXX object CMakeFiles/RMC.dir/src/CalculParameterRho.cpp.o
[ 23%] Building CXX object CMakeFiles/RMC.dir/src/CalcvmtFun.cpp.o
[ 23%] Building CXX object CMakeFiles/RMC.dir/src/CheckAceForBurn.cpp.o
[ 23%] Building CXX object CMakeFiles/RMC.dir/src/CheckAndInitiateParameters.cpp.o
[ 23%] Building CXX object CMakeFiles/RMC.dir/src/CheckCeAceBlock.cpp.o
[ 23%] Building CXX object CMakeFiles/RMC.dir/src/CheckCellDefinition.cpp.o
[ 23%] Building CXX object CMakeFiles/RMC.dir/src/CheckDepletionNuc.cpp.o
[ 23%] Building CXX object CMakeFiles/RMC.dir/src/CheckGeometry.cpp.o
[ 23%] Building CXX object CMakeFiles/RMC.dir/src/CheckIOFile.cpp.o
[ 23%] Building CXX object CMakeFiles/RMC.dir/src/CheckInpBlock.cpp.o
[ 23%] Building CXX object CMakeFiles/RMC.dir/src/CheckMgAceBlock.cpp.o
[ 23%] Building CXX object CMakeFiles/RMC.dir/src/CheckOutputCells.cpp.o
[ 23%] Building CXX object CMakeFiles/RMC.dir/src/CheckParticleLocation.cpp.o
[ 23%] Building CXX object CMakeFiles/RMC.dir/src/CheckSabMaterial.cpp.o
[ 23%] Building CXX object CMakeFiles/RMC.dir/src/CheckSourceAndDistri.cpp.o
[ 26%] Building CXX object CMakeFiles/RMC.dir/src/CheckSpecificCellComplement.cpp.o
[ 26%] Building CXX object CMakeFiles/RMC.dir/src/CheckSurfParas.cpp.o
[ 26%] Building CXX object CMakeFiles/RMC.dir/src/CheckTransport.cpp.o
[ 26%] Building CXX object CMakeFiles/RMC.dir/src/CheckUnivContainCell.cpp.o
[ 26%] Building CXX object CMakeFiles/RMC.dir/src/CheckUniverse.cpp.o
[ 26%] Building CXX object CMakeFiles/RMC.dir/src/CheckUsedMat.cpp.o
[ 26%] Building CXX object CMakeFiles/RMC.dir/src/CheckandUpdatePackFrac.cpp.o
[ 26%] Building CXX object CMakeFiles/RMC.dir/src/CloseFilePtrs.cpp.o
[ 26%] Building CXX object CMakeFiles/RMC.dir/src/ColiIFP.cpp.o
[ 26%] Building CXX object CMakeFiles/RMC.dir/src/CombToChangeNeuWgt.cpp.o
[ 26%] Building CXX object CMakeFiles/RMC.dir/src/CombineKeff.cpp.o
[ 26%] Building CXX object CMakeFiles/RMC.dir/src/CondenseFissionSpectrum.cpp.o
[ 26%] Building CXX object CMakeFiles/RMC.dir/src/CondenseIntoFewGroup.cpp.o
[ 26%] Building CXX object CMakeFiles/RMC.dir/src/CondenseScattMatrix.cpp.o
[ 26%] Building CXX object CMakeFiles/RMC.dir/src/CondensedWalkScatterAngle.cpp.o
[ 28%] Building CXX object CMakeFiles/RMC.dir/src/CondeseFewGrpRXS.cpp.o
[ 28%] Building CXX object CMakeFiles/RMC.dir/src/ConvergenceClass.cpp.o
[ 28%] Building CXX object CMakeFiles/RMC.dir/src/ConvertMatNucDen.cpp.o
[ 28%] Building CXX object CMakeFiles/RMC.dir/src/ConvertMatNucIndex.cpp.o
[ 28%] Building CXX object CMakeFiles/RMC.dir/src/ConvertNucId.cpp.o
[ 28%] Building CXX object CMakeFiles/RMC.dir/src/CreatCellTally.cpp.o
[ 28%] Building CXX object CMakeFiles/RMC.dir/src/CubicSplineInterpolation.cpp.o
[ 28%] Building CXX object CMakeFiles/RMC.dir/src/DEPTH_to_RMC.cpp.o
[ 28%] Building CXX object CMakeFiles/RMC.dir/src/DefineSVDMethod.cpp.o
[ 28%] Building CXX object CMakeFiles/RMC.dir/src/DepthExecution.cpp.o
[ 28%] Building CXX object CMakeFiles/RMC.dir/src/DetermineCycleType.cpp.o
In file included from /usr/include/c++/13/string:51,
                 from /home/workspace/AI_MC_WW_interation/RMC/src/CommonHead.h:16,
                 from /home/workspace/AI_MC_WW_interation/RMC/src/Tally.h:10,
                 from /home/workspace/AI_MC_WW_interation/RMC/src/CreatCellTally.cpp:4:
In static member function ‘static _Up* std::__copy_move<_IsMove, true, std::random_access_iterator_tag>::__copy_m(_Tp*, _Tp*, _Up*) [with _Tp = long unsigned int; _Up = long unsigned int; bool _IsMove = false]’,
    inlined from ‘_OI std::__copy_move_a2(_II, _II, _OI) [with bool _IsMove = false; _II = long unsigned int*; _OI = long unsigned int*]’ at /usr/include/c++/13/bits/stl_algobase.h:506:30,
    inlined from ‘_OI std::__copy_move_a1(_II, _II, _OI) [with bool _IsMove = false; _II = long unsigned int*; _OI = long unsigned int*]’ at /usr/include/c++/13/bits/stl_algobase.h:533:42,
    inlined from ‘_OI std::__copy_move_a(_II, _II, _OI) [with bool _IsMove = false; _II = long unsigned int*; _OI = long unsigned int*]’ at /usr/include/c++/13/bits/stl_algobase.h:540:31,
    inlined from ‘_OI std::copy(_II, _II, _OI) [with _II = long unsigned int*; _OI = long unsigned int*]’ at /usr/include/c++/13/bits/stl_algobase.h:633:7,
    inlined from ‘std::vector<bool, _Alloc>::iterator std::vector<bool, _Alloc>::_M_copy_aligned(const_iterator, const_iterator, iterator) [with _Alloc = std::allocator<bool>]’ at /usr/include/c++/13/bits/stl_bvector.h:1342:28,
    inlined from ‘void std::vector<bool, _Alloc>::_M_fill_insert(iterator, size_type, bool) [with _Alloc = std::allocator<bool>]’ at /usr/include/c++/13/bits/vector.tcc:879:34,
    inlined from ‘std::vector<bool, _Alloc>::iterator std::vector<bool, _Alloc>::insert(const_iterator, size_type, const bool&) [with _Alloc = std::allocator<bool>]’ at /usr/include/c++/13/bits/stl_bvector.h:1242:16,
    inlined from ‘void std::vector<bool, _Alloc>::resize(size_type, bool) [with _Alloc = std::allocator<bool>]’ at /usr/include/c++/13/bits/stl_bvector.h:1288:10,
    inlined from ‘CDBin::CDBin()’ at /home/workspace/AI_MC_WW_interation/RMC/src/TallyData.h:230:25:
/usr/include/c++/13/bits/stl_algobase.h:437:30: warning: ‘void* __builtin_memmove(void*, const void*, long unsigned int)’ writing between 9 and 9223372036854775807 bytes into a region of size 8 overflows the destination [-Wstringop-overflow=]
  437 |             __builtin_memmove(__result, __first, sizeof(_Tp) * _Num);
      |             ~~~~~~~~~~~~~~~~~^~~~~~~~~~~~~~~~~~~~~~~~~~~~~~~~~~~~~~~
In file included from /usr/include/x86_64-linux-gnu/c++/13/bits/c++allocator.h:33,
                 from /usr/include/c++/13/bits/allocator.h:46,
                 from /usr/include/c++/13/string:43:
In member function ‘_Tp* std::__new_allocator<_Tp>::allocate(size_type, const void*) [with _Tp = long unsigned int]’,
    inlined from ‘static _Tp* std::allocator_traits<std::allocator<_CharT> >::allocate(allocator_type&, size_type) [with _Tp = long unsigned int]’ at /usr/include/c++/13/bits/alloc_traits.h:482:28,
    inlined from ‘std::_Bvector_base<_Alloc>::_Bit_pointer std::_Bvector_base<_Alloc>::_M_allocate(std::size_t) [with _Alloc = std::allocator<bool>]’ at /usr/include/c++/13/bits/stl_bvector.h:679:48,
    inlined from ‘void std::vector<bool, _Alloc>::_M_fill_insert(iterator, size_type, bool) [with _Alloc = std::allocator<bool>]’ at /usr/include/c++/13/bits/vector.tcc:877:40,
    inlined from ‘std::vector<bool, _Alloc>::iterator std::vector<bool, _Alloc>::insert(const_iterator, size_type, const bool&) [with _Alloc = std::allocator<bool>]’ at /usr/include/c++/13/bits/stl_bvector.h:1242:16,
    inlined from ‘void std::vector<bool, _Alloc>::resize(size_type, bool) [with _Alloc = std::allocator<bool>]’ at /usr/include/c++/13/bits/stl_bvector.h:1288:10,
    inlined from ‘CDBin::CDBin()’ at /home/workspace/AI_MC_WW_interation/RMC/src/TallyData.h:230:25:
/usr/include/c++/13/bits/new_allocator.h:151:55: note: destination object of size 8 allocated by ‘operator new’
  151 |         return static_cast<_Tp*>(_GLIBCXX_OPERATOR_NEW(__n * sizeof(_Tp)));
      |                                                       ^
[ 28%] Building CXX object CMakeFiles/RMC.dir/src/DiagAcceFsc.cpp.o
[ 28%] Building CXX object CMakeFiles/RMC.dir/src/DiagFsc.cpp.o
[ 28%] Building CXX object CMakeFiles/RMC.dir/src/Disperse.cpp.o
[ 28%] Building CXX object CMakeFiles/RMC.dir/src/DoMeshWeightWindow.cpp.o
[ 30%] Building CXX object CMakeFiles/RMC.dir/src/DoWeightWindow.cpp.o
[ 30%] Building CXX object CMakeFiles/RMC.dir/src/DomainDecompInput.cpp.o
[ 30%] Building CXX object CMakeFiles/RMC.dir/src/DomainDecomposition.cpp.o
[ 30%] Building CXX object CMakeFiles/RMC.dir/src/DopplerBroaden.cpp.o
[ 30%] Building CXX object CMakeFiles/RMC.dir/src/DopplerP.cpp.o
[ 30%] Building CXX object CMakeFiles/RMC.dir/src/EndCriticality.cpp.o
[ 30%] Building CXX object CMakeFiles/RMC.dir/src/EstimateInnerProduct.cpp.o
[ 30%] Building CXX object CMakeFiles/RMC.dir/src/EstimateKeff.cpp.o
[ 30%] Building CXX object CMakeFiles/RMC.dir/src/ExpandLatMatInput.cpp.o
[ 30%] Building CXX object CMakeFiles/RMC.dir/src/ExpdBurnableCell.cpp.o
[ 30%] Building CXX object CMakeFiles/RMC.dir/src/ExpdGlobalCell.cpp.o
[ 30%] Building CXX object CMakeFiles/RMC.dir/src/ExprConverseRPN.cpp.o
[ 30%] Building CXX object CMakeFiles/RMC.dir/src/ExternalSource.cpp.o
[ 30%] Building CXX object CMakeFiles/RMC.dir/src/Filter.cpp.o
In file included from /usr/include/c++/13/bits/stl_uninitialized.h:63,
                 from /usr/include/c++/13/memory:69,
                 from /home/workspace/AI_MC_WW_interation/RMC/src/Burnup.h:7,
                 from /home/workspace/AI_MC_WW_interation/RMC/src/ExpdBurnableCell.cpp:4:
In static member function ‘static _Up* std::__copy_move<_IsMove, true, std::random_access_iterator_tag>::__copy_m(_Tp*, _Tp*, _Up*) [with _Tp = long unsigned int; _Up = long unsigned int; bool _IsMove = false]’,
    inlined from ‘_OI std::__copy_move_a2(_II, _II, _OI) [with bool _IsMove = false; _II = long unsigned int*; _OI = long unsigned int*]’ at /usr/include/c++/13/bits/stl_algobase.h:506:30,
    inlined from ‘_OI std::__copy_move_a1(_II, _II, _OI) [with bool _IsMove = false; _II = long unsigned int*; _OI = long unsigned int*]’ at /usr/include/c++/13/bits/stl_algobase.h:533:42,
    inlined from ‘_OI std::__copy_move_a(_II, _II, _OI) [with bool _IsMove = false; _II = long unsigned int*; _OI = long unsigned int*]’ at /usr/include/c++/13/bits/stl_algobase.h:540:31,
    inlined from ‘_OI std::copy(_II, _II, _OI) [with _II = long unsigned int*; _OI = long unsigned int*]’ at /usr/include/c++/13/bits/stl_algobase.h:633:7,
    inlined from ‘std::vector<bool, _Alloc>::iterator std::vector<bool, _Alloc>::_M_copy_aligned(const_iterator, const_iterator, iterator) [with _Alloc = std::allocator<bool>]’ at /usr/include/c++/13/bits/stl_bvector.h:1342:28,
    inlined from ‘void std::vector<bool, _Alloc>::_M_fill_insert(iterator, size_type, bool) [with _Alloc = std::allocator<bool>]’ at /usr/include/c++/13/bits/vector.tcc:879:34,
    inlined from ‘std::vector<bool, _Alloc>::iterator std::vector<bool, _Alloc>::insert(const_iterator, size_type, const bool&) [with _Alloc = std::allocator<bool>]’ at /usr/include/c++/13/bits/stl_bvector.h:1242:16,
    inlined from ‘void std::vector<bool, _Alloc>::resize(size_type, bool) [with _Alloc = std::allocator<bool>]’ at /usr/include/c++/13/bits/stl_bvector.h:1288:10,
    inlined from ‘CDBin::CDBin()’ at /home/workspace/AI_MC_WW_interation/RMC/src/TallyData.h:230:25:
/usr/include/c++/13/bits/stl_algobase.h:437:30: warning: ‘void* __builtin_memmove(void*, const void*, long unsigned int)’ writing between 9 and 9223372036854775807 bytes into a region of size 8 overflows the destination [-Wstringop-overflow=]
  437 |             __builtin_memmove(__result, __first, sizeof(_Tp) * _Num);
      |             ~~~~~~~~~~~~~~~~~^~~~~~~~~~~~~~~~~~~~~~~~~~~~~~~~~~~~~~~
In file included from /usr/include/x86_64-linux-gnu/c++/13/bits/c++allocator.h:33,
                 from /usr/include/c++/13/bits/allocator.h:46,
                 from /usr/include/c++/13/memory:65:
In member function ‘_Tp* std::__new_allocator<_Tp>::allocate(size_type, const void*) [with _Tp = long unsigned int]’,
    inlined from ‘static _Tp* std::allocator_traits<std::allocator<_Tp1> >::allocate(allocator_type&, size_type) [with _Tp = long unsigned int]’ at /usr/include/c++/13/bits/alloc_traits.h:482:28,
    inlined from ‘std::_Bvector_base<_Alloc>::_Bit_pointer std::_Bvector_base<_Alloc>::_M_allocate(std::size_t) [with _Alloc = std::allocator<bool>]’ at /usr/include/c++/13/bits/stl_bvector.h:679:48,
    inlined from ‘void std::vector<bool, _Alloc>::_M_fill_insert(iterator, size_type, bool) [with _Alloc = std::allocator<bool>]’ at /usr/include/c++/13/bits/vector.tcc:877:40,
    inlined from ‘std::vector<bool, _Alloc>::iterator std::vector<bool, _Alloc>::insert(const_iterator, size_type, const bool&) [with _Alloc = std::allocator<bool>]’ at /usr/include/c++/13/bits/stl_bvector.h:1242:16,
    inlined from ‘void std::vector<bool, _Alloc>::resize(size_type, bool) [with _Alloc = std::allocator<bool>]’ at /usr/include/c++/13/bits/stl_bvector.h:1288:10,
    inlined from ‘CDBin::CDBin()’ at /home/workspace/AI_MC_WW_interation/RMC/src/TallyData.h:230:25:
/usr/include/c++/13/bits/new_allocator.h:151:55: note: destination object of size 8 allocated by ‘operator new’
  151 |         return static_cast<_Tp*>(_GLIBCXX_OPERATOR_NEW(__n * sizeof(_Tp)));
      |                                                       ^
[ 30%] Building CXX object CMakeFiles/RMC.dir/src/FindBroadenRange.cpp.o
[ 32%] Building CXX object CMakeFiles/RMC.dir/src/FindCell.cpp.o
[ 32%] Building CXX object CMakeFiles/RMC.dir/src/FindLatIndex.cpp.o
[ 32%] Building CXX object CMakeFiles/RMC.dir/src/FindNeighborCell.cpp.o
[ 32%] Building CXX object CMakeFiles/RMC.dir/src/FindNextCell.cpp.o
[ 32%] Building CXX object CMakeFiles/RMC.dir/src/FscTally.cpp.o
[ 32%] Building CXX object CMakeFiles/RMC.dir/src/GPTCalUncertainty.cpp.o
[ 32%] Building CXX object CMakeFiles/RMC.dir/src/GPTCellLocation.cpp.o
[ 32%] Building CXX object CMakeFiles/RMC.dir/src/GPTGeoTallyDirectAndInter.cpp.o
[ 32%] Building CXX object CMakeFiles/RMC.dir/src/GPTTallyDirectAndInter.cpp.o
[ 32%] Building CXX object CMakeFiles/RMC.dir/src/GPTTallyPOETerm.cpp.o
[ 32%] Building CXX object CMakeFiles/RMC.dir/src/GPT_AnalogProcess.cpp.o
[ 32%] Building CXX object CMakeFiles/RMC.dir/src/GPT_AnalogTrackHistory.cpp.o
[ 32%] Building CXX object CMakeFiles/RMC.dir/src/GPT_ComputedEnergy.cpp.o
[ 32%] Building CXX object CMakeFiles/RMC.dir/src/GPT_Initial.cpp.o
[ 34%] Building CXX object CMakeFiles/RMC.dir/src/GPT_ProcessCycleEnd.cpp.o
[ 34%] Building CXX object CMakeFiles/RMC.dir/src/GPT_ReactionRates.cpp.o
[ 34%] Building CXX object CMakeFiles/RMC.dir/src/GPT_RejectAndAccept.cpp.o
[ 34%] Building CXX object CMakeFiles/RMC.dir/src/GatherStochaticData.cpp.o
[ 34%] Building CXX object CMakeFiles/RMC.dir/src/GatherTally.cpp.o
[ 34%] Building CXX object CMakeFiles/RMC.dir/src/GaussErgBrden.cpp.o
[ 34%] Building CXX object CMakeFiles/RMC.dir/src/GenBremsEgyBin.cpp.o
[ 34%] Building CXX object CMakeFiles/RMC.dir/src/GenBremsEgyRatBin.cpp.o
[ 34%] Building CXX object CMakeFiles/RMC.dir/src/GenBremsPhoAngleDistribBin.cpp.o
[ 34%] Building CXX object CMakeFiles/RMC.dir/src/GenCosinBin.cpp.o
[ 34%] Building CXX object CMakeFiles/RMC.dir/src/GenDBErgBinMap.cpp.o
[ 34%] Building CXX object CMakeFiles/RMC.dir/src/GenElecEgyGrid.cpp.o
[ 34%] Building CXX object CMakeFiles/RMC.dir/src/GenElectronCross.cpp.o
[ 34%] Building CXX object CMakeFiles/RMC.dir/src/GenElectronRange.cpp.o
[ 34%] Building CXX object CMakeFiles/RMC.dir/src/GenErgBinMap.cpp.o
[ 36%] Building CXX object CMakeFiles/RMC.dir/src/GenImpNucIndex.cpp.o
[ 36%] Building CXX object CMakeFiles/RMC.dir/src/GenKnockonAngleBin.cpp.o
[ 36%] Building CXX object CMakeFiles/RMC.dir/src/GenKnockonCross.cpp.o
[ 36%] Building CXX object CMakeFiles/RMC.dir/src/GenMesh.cpp.o
[ 36%] Building CXX object CMakeFiles/RMC.dir/src/GenNtopAndNwng.cpp.o
[ 36%] Building CXX object CMakeFiles/RMC.dir/src/GenScatAngDistribBin.cpp.o
[ 36%] Building CXX object CMakeFiles/RMC.dir/src/GenTallyCellMap.cpp.o
[ 36%] Building CXX object CMakeFiles/RMC.dir/src/GenTotNucIdList.cpp.o
[ 36%] Building CXX object CMakeFiles/RMC.dir/src/GenUnionErgGrid.cpp.o
[ 36%] Building CXX object CMakeFiles/RMC.dir/src/GenXrayData.cpp.o
[ 36%] Building CXX object CMakeFiles/RMC.dir/src/GeneAnnihilPhotons.cpp.o
[ 36%] Building CXX object CMakeFiles/RMC.dir/src/GenerateInputFile.cpp.o
[ 36%] Building CXX object CMakeFiles/RMC.dir/src/GetAdjErgIndex.cpp.o
[ 36%] Building CXX object CMakeFiles/RMC.dir/src/GetAdjointFlux.cpp.o
[ 36%] Building CXX object CMakeFiles/RMC.dir/src/GetBOneMatrix.cpp.o
[ 36%] Building CXX object CMakeFiles/RMC.dir/src/GetCLSCorrectUniv.cpp.o
[ 39%] Building CXX object CMakeFiles/RMC.dir/src/GetCellCornerIndex.cpp.o
[ 39%] Building CXX object CMakeFiles/RMC.dir/src/GetCellMat.cpp.o
[ 39%] Building CXX object CMakeFiles/RMC.dir/src/GetCellPitch.cpp.o
[ 39%] Building CXX object CMakeFiles/RMC.dir/src/GetCosineValue.cpp.o
[ 39%] Building CXX object CMakeFiles/RMC.dir/src/GetDecayData.cpp.o
[ 39%] Building CXX object CMakeFiles/RMC.dir/src/GetDecaySource.cpp.o
[ 39%] Building CXX object CMakeFiles/RMC.dir/src/GetExitState.cpp.o
[ 39%] Building CXX object CMakeFiles/RMC.dir/src/GetFissionNeuState.cpp.o
[ 39%] Building CXX object CMakeFiles/RMC.dir/src/GetGmaExitState.cpp.o
[ 39%] Building CXX object CMakeFiles/RMC.dir/src/GetHomoId.cpp.o
[ 39%] Building CXX object CMakeFiles/RMC.dir/src/GetLatticeCornerIndex.cpp.o
[ 39%] Building CXX object CMakeFiles/RMC.dir/src/GetLocationInfo.cpp.o
[ 39%] Building CXX object CMakeFiles/RMC.dir/src/GetMatFuelDen.cpp.o
[ 41%] Building CXX object CMakeFiles/RMC.dir/src/GetMatrixTranspose.cpp.o
[ 41%] Building CXX object CMakeFiles/RMC.dir/src/GetNextTrack.cpp.o
[ 41%] Building CXX object CMakeFiles/RMC.dir/src/GetNucMaxTmp.cpp.o
[ 41%] Building CXX object CMakeFiles/RMC.dir/src/GetNucTotFisCs.cpp.o
[ 41%] Building CXX object CMakeFiles/RMC.dir/src/GetOLSBurstTime.cpp.o
[ 41%] Building CXX object CMakeFiles/RMC.dir/src/GetParticleInformation.cpp.o
[ 41%] Building CXX object CMakeFiles/RMC.dir/src/GetParticlePos.cpp.o
[ 41%] Building CXX object CMakeFiles/RMC.dir/src/GetPhotonAtomCs.cpp.o
[ 43%] Building CXX object CMakeFiles/RMC.dir/src/GetSurfNormLine.cpp.o
[ 43%] Building CXX object CMakeFiles/RMC.dir/src/GetSurfSrcList.cpp.o
[ 43%] Building CXX object CMakeFiles/RMC.dir/src/GetSurfTrcs.cpp.o
[ 43%] Building CXX object CMakeFiles/RMC.dir/src/GetSurfType.cpp.o
[ 43%] Building CXX object CMakeFiles/RMC.dir/src/GetTimeStep.cpp.o
[ 43%] Building CXX object CMakeFiles/RMC.dir/src/GetTransformedSurf.cpp.o
[ 43%] Building CXX object CMakeFiles/RMC.dir/src/GmaGeoTracking.cpp.o
[ 43%] Building CXX object CMakeFiles/RMC.dir/src/GroupConstantSub.cpp.o
[ 43%] Building CXX object CMakeFiles/RMC.dir/src/HistoryTree.cpp.o
[ 43%] Building CXX object CMakeFiles/RMC.dir/src/InParticleFuel.cpp.o
[ 43%] Building CXX object CMakeFiles/RMC.dir/src/InPebbleBedGeom.cpp.o
[ 43%] Building CXX object CMakeFiles/RMC.dir/src/InitDifferentialOperator.cpp.o
[ 43%] Building CXX object CMakeFiles/RMC.dir/src/InitialBatchSource.cpp.o
/home/workspace/AI_MC_WW_interation/RMC/src/HistoryTree.cpp: In member function ‘CDFixBank& ParticleStack::top()’:
/home/workspace/AI_MC_WW_interation/RMC/src/HistoryTree.cpp:33:1: warning: control reaches end of non-void function [-Wreturn-type]
   33 | }
      | ^
[ 45%] Building CXX object CMakeFiles/RMC.dir/src/InitialSurfSrc.cpp.o
[ 45%] Building CXX object CMakeFiles/RMC.dir/src/InitializeDemVector.cpp.o
[ 45%] Building CXX object CMakeFiles/RMC.dir/src/InitializeReact.cpp.o
[ 45%] Building CXX object CMakeFiles/RMC.dir/src/InitiateAll.cpp.o
[ 45%] Building CXX object CMakeFiles/RMC.dir/src/InitiateBone.cpp.o
[ 45%] Building CXX object CMakeFiles/RMC.dir/src/InitiateBurnup.cpp.o
[ 45%] Building CXX object CMakeFiles/RMC.dir/src/InitiateDF.cpp.o
[ 45%] Building CXX object CMakeFiles/RMC.dir/src/InitiateFET.cpp.o
[ 45%] Building CXX object CMakeFiles/RMC.dir/src/InitiateFisSource.cpp.o
[ 45%] Building CXX object CMakeFiles/RMC.dir/src/InitiateFsc.cpp.o
[ 45%] Building CXX object CMakeFiles/RMC.dir/src/InitiateGeoSearch.cpp.o
[ 45%] Building CXX object CMakeFiles/RMC.dir/src/InitiateMatAce.cpp.o
[ 45%] Building CXX object CMakeFiles/RMC.dir/src/InitiateMatSearch.cpp.o
[ 45%] Building CXX object CMakeFiles/RMC.dir/src/InitiateMeshAdjFlux.cpp.o
[ 45%] Building CXX object CMakeFiles/RMC.dir/src/InitiateNeutronBank.cpp.o
[ 45%] Building CXX object CMakeFiles/RMC.dir/src/InitiatePCQuasiStatic.cpp.o
[ 45%] Building CXX object CMakeFiles/RMC.dir/src/InitiateParallel.cpp.o
[ 45%] Building CXX object CMakeFiles/RMC.dir/src/InitiatePertPointBurnup.cpp.o
[ 45%] Building CXX object CMakeFiles/RMC.dir/src/InitiateTally.cpp.o
[ 45%] Building CXX object CMakeFiles/RMC.dir/src/InitiateTrspt.cpp.o
[ 45%] Building CXX object CMakeFiles/RMC.dir/src/InitiateXSTable.cpp.o
[ 45%] Building CXX object CMakeFiles/RMC.dir/src/InitiateXeCsTally.cpp.o
[ 45%] Building CXX object CMakeFiles/RMC.dir/src/InverseInterpolate.cpp.o
In file included from /usr/include/c++/13/string:51,
                 from /home/workspace/AI_MC_WW_interation/RMC/src/CommonHead.h:16,
                 from /home/workspace/AI_MC_WW_interation/RMC/src/Criticality.h:7,
                 from /home/workspace/AI_MC_WW_interation/RMC/src/InitiateTally.cpp:4:
In static member function ‘static _Up* std::__copy_move<_IsMove, true, std::random_access_iterator_tag>::__copy_m(_Tp*, _Tp*, _Up*) [with _Tp = long unsigned int; _Up = long unsigned int; bool _IsMove = false]’,
    inlined from ‘_OI std::__copy_move_a2(_II, _II, _OI) [with bool _IsMove = false; _II = long unsigned int*; _OI = long unsigned int*]’ at /usr/include/c++/13/bits/stl_algobase.h:506:30,
    inlined from ‘_OI std::__copy_move_a1(_II, _II, _OI) [with bool _IsMove = false; _II = long unsigned int*; _OI = long unsigned int*]’ at /usr/include/c++/13/bits/stl_algobase.h:533:42,
    inlined from ‘_OI std::__copy_move_a(_II, _II, _OI) [with bool _IsMove = false; _II = long unsigned int*; _OI = long unsigned int*]’ at /usr/include/c++/13/bits/stl_algobase.h:540:31,
    inlined from ‘_OI std::copy(_II, _II, _OI) [with _II = long unsigned int*; _OI = long unsigned int*]’ at /usr/include/c++/13/bits/stl_algobase.h:633:7,
    inlined from ‘std::vector<bool, _Alloc>::iterator std::vector<bool, _Alloc>::_M_copy_aligned(const_iterator, const_iterator, iterator) [with _Alloc = std::allocator<bool>]’ at /usr/include/c++/13/bits/stl_bvector.h:1342:28,
    inlined from ‘void std::vector<bool, _Alloc>::_M_fill_insert(iterator, size_type, bool) [with _Alloc = std::allocator<bool>]’ at /usr/include/c++/13/bits/vector.tcc:879:34,
    inlined from ‘std::vector<bool, _Alloc>::iterator std::vector<bool, _Alloc>::insert(const_iterator, size_type, const bool&) [with _Alloc = std::allocator<bool>]’ at /usr/include/c++/13/bits/stl_bvector.h:1242:16,
    inlined from ‘void std::vector<bool, _Alloc>::resize(size_type, bool) [with _Alloc = std::allocator<bool>]’ at /usr/include/c++/13/bits/stl_bvector.h:1288:10,
    inlined from ‘CDBin::CDBin()’ at /home/workspace/AI_MC_WW_interation/RMC/src/TallyData.h:230:25:
/usr/include/c++/13/bits/stl_algobase.h:437:30: warning: ‘void* __builtin_memmove(void*, const void*, long unsigned int)’ writing between 9 and 9223372036854775807 bytes into a region of size 8 overflows the destination [-Wstringop-overflow=]
  437 |             __builtin_memmove(__result, __first, sizeof(_Tp) * _Num);
      |             ~~~~~~~~~~~~~~~~~^~~~~~~~~~~~~~~~~~~~~~~~~~~~~~~~~~~~~~~
In file included from /usr/include/x86_64-linux-gnu/c++/13/bits/c++allocator.h:33,
                 from /usr/include/c++/13/bits/allocator.h:46,
                 from /usr/include/c++/13/string:43:
In member function ‘_Tp* std::__new_allocator<_Tp>::allocate(size_type, const void*) [with _Tp = long unsigned int]’,
    inlined from ‘static _Tp* std::allocator_traits<std::allocator<_CharT> >::allocate(allocator_type&, size_type) [with _Tp = long unsigned int]’ at /usr/include/c++/13/bits/alloc_traits.h:482:28,
    inlined from ‘std::_Bvector_base<_Alloc>::_Bit_pointer std::_Bvector_base<_Alloc>::_M_allocate(std::size_t) [with _Alloc = std::allocator<bool>]’ at /usr/include/c++/13/bits/stl_bvector.h:679:48,
    inlined from ‘void std::vector<bool, _Alloc>::_M_fill_insert(iterator, size_type, bool) [with _Alloc = std::allocator<bool>]’ at /usr/include/c++/13/bits/vector.tcc:877:40,
    inlined from ‘std::vector<bool, _Alloc>::iterator std::vector<bool, _Alloc>::insert(const_iterator, size_type, const bool&) [with _Alloc = std::allocator<bool>]’ at /usr/include/c++/13/bits/stl_bvector.h:1242:16,
    inlined from ‘void std::vector<bool, _Alloc>::resize(size_type, bool) [with _Alloc = std::allocator<bool>]’ at /usr/include/c++/13/bits/stl_bvector.h:1288:10,
    inlined from ‘CDBin::CDBin()’ at /home/workspace/AI_MC_WW_interation/RMC/src/TallyData.h:230:25:
/usr/include/c++/13/bits/new_allocator.h:151:55: note: destination object of size 8 allocated by ‘operator new’
  151 |         return static_cast<_Tp*>(_GLIBCXX_OPERATOR_NEW(__n * sizeof(_Tp)));
      |                                                       ^
[ 45%] Building CXX object CMakeFiles/RMC.dir/src/IsTwoSphereOverlap.cpp.o
[ 45%] Building CXX object CMakeFiles/RMC.dir/src/LocateParticle.cpp.o
[ 45%] Building CXX object CMakeFiles/RMC.dir/src/MaterialFunctions.cpp.o
[ 45%] Building CXX object CMakeFiles/RMC.dir/src/MeshTallyHDF5.cpp.o
[ 45%] Building CXX object CMakeFiles/RMC.dir/src/MonveToOriginLat.cpp.o
[ 45%] Building CXX object CMakeFiles/RMC.dir/src/NearestPBSurf.cpp.o
[ 45%] Building CXX object CMakeFiles/RMC.dir/src/NpMatrixFun.cpp.o
[ 45%] Building CXX object CMakeFiles/RMC.dir/src/NumIteration.cpp.o
/home/workspace/AI_MC_WW_interation/RMC/src/NearestPBSurf.cpp: In member function ‘bool CDGeometry::CalcDisToParticleSurf(bool, std::vector<std::vector<double> >, double*, double*, double, double&, bool&, int, int, int&)’:
/home/workspace/AI_MC_WW_interation/RMC/src/NearestPBSurf.cpp:282:1: warning: control reaches end of non-void function [-Wreturn-type]
  282 | }
      | ^
[ 45%] Building CXX object CMakeFiles/RMC.dir/src/OffsetNeighborLat.cpp.o
[ 45%] Building CXX object CMakeFiles/RMC.dir/src/OpenFilePtrs.cpp.o
[ 45%] Building CXX object CMakeFiles/RMC.dir/src/OutputBurnup.cpp.o
[ 45%] Building CXX object CMakeFiles/RMC.dir/src/OutputCellNucDen.cpp.o
[ 45%] Building CXX object CMakeFiles/RMC.dir/src/OutputCellPower.cpp.o
[ 45%] Building CXX object CMakeFiles/RMC.dir/src/OutputCollapseXS.cpp.o
[ 47%] Building CXX object CMakeFiles/RMC.dir/src/OutputCritiSearch.cpp.o
[ 47%] Building CXX object CMakeFiles/RMC.dir/src/OutputDecaySource.cpp.o
[ 47%] Building CXX object CMakeFiles/RMC.dir/src/OutputEnding.cpp.o
[ 47%] Building CXX object CMakeFiles/RMC.dir/src/OutputFETTally.cpp.o
[ 47%] Building CXX object CMakeFiles/RMC.dir/src/OutputFractionInfo.cpp.o
[ 47%] Building CXX object CMakeFiles/RMC.dir/src/OutputGroupConstant.cpp.o
[ 47%] Building CXX object CMakeFiles/RMC.dir/src/OutputHeading.cpp.o
[ 47%] Building CXX object CMakeFiles/RMC.dir/src/OutputKeff.cpp.o
[ 47%] Building CXX object CMakeFiles/RMC.dir/src/OutputKinetics.cpp.o
[ 47%] Building CXX object CMakeFiles/RMC.dir/src/OutputMCNPFormatMeshtally.cpp.o
[ 47%] Building CXX object CMakeFiles/RMC.dir/src/OutputMXSFile.cpp.o
[ 47%] Building CXX object CMakeFiles/RMC.dir/src/OutputMaterialFile.cpp.o
[ 47%] Building CXX object CMakeFiles/RMC.dir/src/OutputMeshAdjFlux.cpp.o
/home/workspace/AI_MC_WW_interation/RMC/src/OutputMXSFile.cpp: In member function ‘void CDHomogenization::OutputMXSFile()’:
/home/workspace/AI_MC_WW_interation/RMC/src/OutputMXSFile.cpp:38:33: warning: ‘%d’ directive writing between 1 and 11 bytes into a region of size between 0 and 219 [-Wformat-overflow=]
   38 |     sprintf(p_chXSFileName, "%s_%d", chXSName, p_OMXSTable.p_nHomRegion);
      |                                 ^~
In file included from /usr/include/stdio.h:980,
                 from /usr/include/c++/13/cstdio:42,
                 from /home/workspace/AI_MC_WW_interation/RMC/src/CommonHead.h:15,
                 from /home/workspace/AI_MC_WW_interation/RMC/src/Tally.h:10,
                 from /home/workspace/AI_MC_WW_interation/RMC/src/OutputMXSFile.cpp:4:
In function ‘int sprintf(char*, const char*, ...)’,
    inlined from ‘void CDHomogenization::OutputMXSFile()’ at /home/workspace/AI_MC_WW_interation/RMC/src/OutputMXSFile.cpp:38:12:
/usr/include/x86_64-linux-gnu/bits/stdio2.h:30:34: note: ‘__builtin___sprintf_chk’ output between 3 and 232 bytes into a destination of size 220
   30 |   return __builtin___sprintf_chk (__s, __USE_FORTIFY_LEVEL - 1,
      |          ~~~~~~~~~~~~~~~~~~~~~~~~^~~~~~~~~~~~~~~~~~~~~~~~~~~~~~
   31 |                                   __glibc_objsize (__s), __fmt,
      |                                   ~~~~~~~~~~~~~~~~~~~~~~~~~~~~~
   32 |                                   __va_arg_pack ());
      |                                   ~~~~~~~~~~~~~~~~~
/home/workspace/AI_MC_WW_interation/RMC/src/OutputMXSFile.cpp: In member function ‘void CDHomogenization::OutputMXSFile()’:
/home/workspace/AI_MC_WW_interation/RMC/src/OutputMXSFile.cpp:36:34: warning: ‘_’ directive writing 1 byte into a region of size between 0 and 219 [-Wformat-overflow=]
   36 |     sprintf(p_chXSFileName, "%s%d_%d", chXSName, p_OMXSTable.p_nHomRegion, p_OMXSTable.p_nSubUnivIndex);
      |                                  ^
In function ‘int sprintf(char*, const char*, ...)’,
    inlined from ‘void CDHomogenization::OutputMXSFile()’ at /home/workspace/AI_MC_WW_interation/RMC/src/OutputMXSFile.cpp:36:12:
/usr/include/x86_64-linux-gnu/bits/stdio2.h:30:34: note: ‘__builtin___sprintf_chk’ output between 4 and 243 bytes into a destination of size 220
   30 |   return __builtin___sprintf_chk (__s, __USE_FORTIFY_LEVEL - 1,
      |          ~~~~~~~~~~~~~~~~~~~~~~~~^~~~~~~~~~~~~~~~~~~~~~~~~~~~~~
   31 |                                   __glibc_objsize (__s), __fmt,
      |                                   ~~~~~~~~~~~~~~~~~~~~~~~~~~~~~
   32 |                                   __va_arg_pack ());
      |                                   ~~~~~~~~~~~~~~~~~
[ 47%] Building CXX object CMakeFiles/RMC.dir/src/OutputPerbCoeffs.cpp.o
[ 47%] Building CXX object CMakeFiles/RMC.dir/src/OutputReactionRate.cpp.o
[ 47%] Building CXX object CMakeFiles/RMC.dir/src/OutputSPHInfo.cpp.o
[ 50%] Building CXX object CMakeFiles/RMC.dir/src/OutputSingleTally.cpp.o
[ 50%] Building CXX object CMakeFiles/RMC.dir/src/OutputSrcInfo.cpp.o
[ 50%] Building CXX object CMakeFiles/RMC.dir/src/OutputSummary.cpp.o
[ 50%] Building CXX object CMakeFiles/RMC.dir/src/OutputTally.cpp.o
[ 50%] Building CXX object CMakeFiles/RMC.dir/src/OutputTallyh5.cpp.o
[ 50%] Building CXX object CMakeFiles/RMC.dir/src/OutputTimer.cpp.o
[ 50%] Building CXX object CMakeFiles/RMC.dir/src/OutputTotNucDen.cpp.o
[ 50%] Building CXX object CMakeFiles/RMC.dir/src/OutputWrtSurfSrc.cpp.o
[ 50%] Building CXX object CMakeFiles/RMC.dir/src/ParallelBank.cpp.o
[ 50%] Building CXX object CMakeFiles/RMC.dir/src/ParallelBankSearch.cpp.o
[ 50%] Building CXX object CMakeFiles/RMC.dir/src/ParallelSrcPerb.cpp.o
[ 50%] Building CXX object CMakeFiles/RMC.dir/src/ParticleIsInCell.cpp.o
[ 50%] Building CXX object CMakeFiles/RMC.dir/src/ParticleStateFun.cpp.o
[ 50%] Building CXX object CMakeFiles/RMC.dir/src/ParticleTrack.cpp.o
[ 50%] Building CXX object CMakeFiles/RMC.dir/src/Periodic.cpp.o
[ 52%] Building CXX object CMakeFiles/RMC.dir/src/Photon.cpp.o
[ 52%] Building CXX object CMakeFiles/RMC.dir/src/PhotonProduElectDATA.cpp.o
[ 52%] Building CXX object CMakeFiles/RMC.dir/src/PhotonProduceElect.cpp.o
[ 52%] Building CXX object CMakeFiles/RMC.dir/src/Plot.cpp.o
[ 52%] Building CXX object CMakeFiles/RMC.dir/src/Plot_GenPixelMatrix.cpp.o
[ 52%] Building CXX object CMakeFiles/RMC.dir/src/Plot_GenRGBIndex.cpp.o
[ 52%] Building CXX object CMakeFiles/RMC.dir/src/Plot_GetMatbyLocatePos.cpp.o
[ 52%] Building CXX object CMakeFiles/RMC.dir/src/Plot_InitPlot.cpp.o
[ 52%] Building CXX object CMakeFiles/RMC.dir/src/Plot_OnSurfTreat.cpp.o
[ 52%] Building CXX object CMakeFiles/RMC.dir/src/Plot_OutputPlotFile.cpp.o
[ 52%] Building CXX object CMakeFiles/RMC.dir/src/Plot_ResetPlot.cpp.o
[ 52%] Building CXX object CMakeFiles/RMC.dir/src/Plot_RunPlot.cpp.o
[ 52%] Building CXX object CMakeFiles/RMC.dir/src/Plot_SurfBoundTreat.cpp.o
[ 52%] Building CXX object CMakeFiles/RMC.dir/src/Plot_UpdatePlotParas.cpp.o
[ 52%] Building CXX object CMakeFiles/RMC.dir/src/Plot_WriteImage.cpp.o
[ 52%] Building CXX object CMakeFiles/RMC.dir/src/PointKinetics.cpp.o
[ 54%] Building CXX object CMakeFiles/RMC.dir/src/PoissonBoxSampling.cpp.o
[ 54%] Building CXX object CMakeFiles/RMC.dir/src/PowerNormalization.cpp.o
[ 54%] Building CXX object CMakeFiles/RMC.dir/src/PreprocessCellFlux.cpp.o
[ 54%] Building CXX object CMakeFiles/RMC.dir/src/PreprocessSubUniverse.cpp.o
/home/workspace/AI_MC_WW_interation/RMC/src/PoissonBoxSampling.cpp: In member function ‘int CDGeometry::InPoissonBox(CDParticleState&, int, double*, double*, double&, bool&, CDRNG&)’:
/home/workspace/AI_MC_WW_interation/RMC/src/PoissonBoxSampling.cpp:267:1: warning: control reaches end of non-void function [-Wreturn-type]
  267 | }
      | ^
[ 54%] Building CXX object CMakeFiles/RMC.dir/src/PrintKeffTable.cpp.o
[ 54%] Building CXX object CMakeFiles/RMC.dir/src/PrintMGAdjFixMatrix.cpp.o
[ 54%] Building CXX object CMakeFiles/RMC.dir/src/PrintMGAdjFlux.cpp.o
[ 54%] Building CXX object CMakeFiles/RMC.dir/src/PrintStepMssg.cpp.o
In file included from /usr/include/c++/13/string:51,
                 from /home/workspace/AI_MC_WW_interation/RMC/src/CommonHead.h:16,
                 from /home/workspace/AI_MC_WW_interation/RMC/src/Input.h:8,
                 from /home/workspace/AI_MC_WW_interation/RMC/src/PreprocessCellFlux.cpp:3:
In static member function ‘static _Up* std::__copy_move<_IsMove, true, std::random_access_iterator_tag>::__copy_m(_Tp*, _Tp*, _Up*) [with _Tp = long unsigned int; _Up = long unsigned int; bool _IsMove = false]’,
    inlined from ‘_OI std::__copy_move_a2(_II, _II, _OI) [with bool _IsMove = false; _II = long unsigned int*; _OI = long unsigned int*]’ at /usr/include/c++/13/bits/stl_algobase.h:506:30,
    inlined from ‘_OI std::__copy_move_a1(_II, _II, _OI) [with bool _IsMove = false; _II = long unsigned int*; _OI = long unsigned int*]’ at /usr/include/c++/13/bits/stl_algobase.h:533:42,
    inlined from ‘_OI std::__copy_move_a(_II, _II, _OI) [with bool _IsMove = false; _II = long unsigned int*; _OI = long unsigned int*]’ at /usr/include/c++/13/bits/stl_algobase.h:540:31,
    inlined from ‘_OI std::copy(_II, _II, _OI) [with _II = long unsigned int*; _OI = long unsigned int*]’ at /usr/include/c++/13/bits/stl_algobase.h:633:7,
    inlined from ‘std::vector<bool, _Alloc>::iterator std::vector<bool, _Alloc>::_M_copy_aligned(const_iterator, const_iterator, iterator) [with _Alloc = std::allocator<bool>]’ at /usr/include/c++/13/bits/stl_bvector.h:1342:28,
    inlined from ‘void std::vector<bool, _Alloc>::_M_fill_insert(iterator, size_type, bool) [with _Alloc = std::allocator<bool>]’ at /usr/include/c++/13/bits/vector.tcc:879:34,
    inlined from ‘std::vector<bool, _Alloc>::iterator std::vector<bool, _Alloc>::insert(const_iterator, size_type, const bool&) [with _Alloc = std::allocator<bool>]’ at /usr/include/c++/13/bits/stl_bvector.h:1242:16,
    inlined from ‘void std::vector<bool, _Alloc>::resize(size_type, bool) [with _Alloc = std::allocator<bool>]’ at /usr/include/c++/13/bits/stl_bvector.h:1288:10,
    inlined from ‘CDBin::CDBin()’ at /home/workspace/AI_MC_WW_interation/RMC/src/TallyData.h:230:25:
/usr/include/c++/13/bits/stl_algobase.h:437:30: warning: ‘void* __builtin_memmove(void*, const void*, long unsigned int)’ writing between 9 and 9223372036854775807 bytes into a region of size 8 overflows the destination [-Wstringop-overflow=]
  437 |             __builtin_memmove(__result, __first, sizeof(_Tp) * _Num);
      |             ~~~~~~~~~~~~~~~~~^~~~~~~~~~~~~~~~~~~~~~~~~~~~~~~~~~~~~~~
In file included from /usr/include/x86_64-linux-gnu/c++/13/bits/c++allocator.h:33,
                 from /usr/include/c++/13/bits/allocator.h:46,
                 from /usr/include/c++/13/string:43:
In member function ‘_Tp* std::__new_allocator<_Tp>::allocate(size_type, const void*) [with _Tp = long unsigned int]’,
    inlined from ‘static _Tp* std::allocator_traits<std::allocator<_CharT> >::allocate(allocator_type&, size_type) [with _Tp = long unsigned int]’ at /usr/include/c++/13/bits/alloc_traits.h:482:28,
    inlined from ‘std::_Bvector_base<_Alloc>::_Bit_pointer std::_Bvector_base<_Alloc>::_M_allocate(std::size_t) [with _Alloc = std::allocator<bool>]’ at /usr/include/c++/13/bits/stl_bvector.h:679:48,
    inlined from ‘void std::vector<bool, _Alloc>::_M_fill_insert(iterator, size_type, bool) [with _Alloc = std::allocator<bool>]’ at /usr/include/c++/13/bits/vector.tcc:877:40,
    inlined from ‘std::vector<bool, _Alloc>::iterator std::vector<bool, _Alloc>::insert(const_iterator, size_type, const bool&) [with _Alloc = std::allocator<bool>]’ at /usr/include/c++/13/bits/stl_bvector.h:1242:16,
    inlined from ‘void std::vector<bool, _Alloc>::resize(size_type, bool) [with _Alloc = std::allocator<bool>]’ at /usr/include/c++/13/bits/stl_bvector.h:1288:10,
    inlined from ‘CDBin::CDBin()’ at /home/workspace/AI_MC_WW_interation/RMC/src/TallyData.h:230:25:
/usr/include/c++/13/bits/new_allocator.h:151:55: note: destination object of size 8 allocated by ‘operator new’
  151 |         return static_cast<_Tp*>(_GLIBCXX_OPERATOR_NEW(__n * sizeof(_Tp)));
      |                                                       ^
[ 54%] Building CXX object CMakeFiles/RMC.dir/src/ProcGPTAdjflux.cpp.o
[ 54%] Building CXX object CMakeFiles/RMC.dir/src/ProcessBank.cpp.o
[ 54%] Building CXX object CMakeFiles/RMC.dir/src/ProcessBin.cpp.o
[ 54%] Building CXX object CMakeFiles/RMC.dir/src/ProcessBinforCell.cpp.o
[ 54%] Building CXX object CMakeFiles/RMC.dir/src/ProcessBremsstrahlung.cpp.o
[ 54%] Building CXX object CMakeFiles/RMC.dir/src/ProcessComptSact.cpp.o
[ 56%] Building CXX object CMakeFiles/RMC.dir/src/ProcessCsByUEG.cpp.o
[ 56%] Building CXX object CMakeFiles/RMC.dir/src/ProcessCycleEnd.cpp.o
[ 56%] Building CXX object CMakeFiles/RMC.dir/src/ProcessDFSurf.cpp.o
[ 56%] Building CXX object CMakeFiles/RMC.dir/src/ProcessEXSRadStopCross.cpp.o
[ 56%] Building CXX object CMakeFiles/RMC.dir/src/ProcessEXSTableForLowEgyScat.cpp.o
[ 56%] Building CXX object CMakeFiles/RMC.dir/src/ProcessEXSZFunctions.cpp.o
In file included from /usr/include/c++/13/string:51,
                 from /home/workspace/AI_MC_WW_interation/RMC/src/CommonHead.h:16,
                 from /home/workspace/AI_MC_WW_interation/RMC/src/Input.h:8,
                 from /home/workspace/AI_MC_WW_interation/RMC/src/ProcessDFSurf.cpp:3:
In static member function ‘static _Up* std::__copy_move<_IsMove, true, std::random_access_iterator_tag>::__copy_m(_Tp*, _Tp*, _Up*) [with _Tp = long unsigned int; _Up = long unsigned int; bool _IsMove = false]’,
    inlined from ‘_OI std::__copy_move_a2(_II, _II, _OI) [with bool _IsMove = false; _II = long unsigned int*; _OI = long unsigned int*]’ at /usr/include/c++/13/bits/stl_algobase.h:506:30,
    inlined from ‘_OI std::__copy_move_a1(_II, _II, _OI) [with bool _IsMove = false; _II = long unsigned int*; _OI = long unsigned int*]’ at /usr/include/c++/13/bits/stl_algobase.h:533:42,
    inlined from ‘_OI std::__copy_move_a(_II, _II, _OI) [with bool _IsMove = false; _II = long unsigned int*; _OI = long unsigned int*]’ at /usr/include/c++/13/bits/stl_algobase.h:540:31,
    inlined from ‘_OI std::copy(_II, _II, _OI) [with _II = long unsigned int*; _OI = long unsigned int*]’ at /usr/include/c++/13/bits/stl_algobase.h:633:7,
    inlined from ‘std::vector<bool, _Alloc>::iterator std::vector<bool, _Alloc>::_M_copy_aligned(const_iterator, const_iterator, iterator) [with _Alloc = std::allocator<bool>]’ at /usr/include/c++/13/bits/stl_bvector.h:1342:28,
    inlined from ‘void std::vector<bool, _Alloc>::_M_fill_insert(iterator, size_type, bool) [with _Alloc = std::allocator<bool>]’ at /usr/include/c++/13/bits/vector.tcc:879:34,
    inlined from ‘std::vector<bool, _Alloc>::iterator std::vector<bool, _Alloc>::insert(const_iterator, size_type, const bool&) [with _Alloc = std::allocator<bool>]’ at /usr/include/c++/13/bits/stl_bvector.h:1242:16,
    inlined from ‘void std::vector<bool, _Alloc>::resize(size_type, bool) [with _Alloc = std::allocator<bool>]’ at /usr/include/c++/13/bits/stl_bvector.h:1288:10,
    inlined from ‘CDBin::CDBin()’ at /home/workspace/AI_MC_WW_interation/RMC/src/TallyData.h:230:25:
/usr/include/c++/13/bits/stl_algobase.h:437:30: warning: ‘void* __builtin_memmove(void*, const void*, long unsigned int)’ writing between 9 and 9223372036854775807 bytes into a region of size 8 overflows the destination [-Wstringop-overflow=]
  437 |             __builtin_memmove(__result, __first, sizeof(_Tp) * _Num);
      |             ~~~~~~~~~~~~~~~~~^~~~~~~~~~~~~~~~~~~~~~~~~~~~~~~~~~~~~~~
In file included from /usr/include/x86_64-linux-gnu/c++/13/bits/c++allocator.h:33,
                 from /usr/include/c++/13/bits/allocator.h:46,
                 from /usr/include/c++/13/string:43:
In member function ‘_Tp* std::__new_allocator<_Tp>::allocate(size_type, const void*) [with _Tp = long unsigned int]’,
    inlined from ‘static _Tp* std::allocator_traits<std::allocator<_CharT> >::allocate(allocator_type&, size_type) [with _Tp = long unsigned int]’ at /usr/include/c++/13/bits/alloc_traits.h:482:28,
    inlined from ‘std::_Bvector_base<_Alloc>::_Bit_pointer std::_Bvector_base<_Alloc>::_M_allocate(std::size_t) [with _Alloc = std::allocator<bool>]’ at /usr/include/c++/13/bits/stl_bvector.h:679:48,
    inlined from ‘void std::vector<bool, _Alloc>::_M_fill_insert(iterator, size_type, bool) [with _Alloc = std::allocator<bool>]’ at /usr/include/c++/13/bits/vector.tcc:877:40,
    inlined from ‘std::vector<bool, _Alloc>::iterator std::vector<bool, _Alloc>::insert(const_iterator, size_type, const bool&) [with _Alloc = std::allocator<bool>]’ at /usr/include/c++/13/bits/stl_bvector.h:1242:16,
    inlined from ‘void std::vector<bool, _Alloc>::resize(size_type, bool) [with _Alloc = std::allocator<bool>]’ at /usr/include/c++/13/bits/stl_bvector.h:1288:10,
    inlined from ‘CDBin::CDBin()’ at /home/workspace/AI_MC_WW_interation/RMC/src/TallyData.h:230:25:
/usr/include/c++/13/bits/new_allocator.h:151:55: note: destination object of size 8 allocated by ‘operator new’
  151 |         return static_cast<_Tp*>(_GLIBCXX_OPERATOR_NEW(__n * sizeof(_Tp)));
      |                                                       ^
[ 56%] Building CXX object CMakeFiles/RMC.dir/src/ProcessElectronReaction.cpp.o
[ 56%] Building CXX object CMakeFiles/RMC.dir/src/ProcessFluxBank.cpp.o
[ 56%] Building CXX object CMakeFiles/RMC.dir/src/ProcessFm.cpp.o
[ 56%] Building CXX object CMakeFiles/RMC.dir/src/ProcessInnerProduct.cpp.o
[ 56%] Building CXX object CMakeFiles/RMC.dir/src/ProcessKeff.cpp.o
[ 56%] Building CXX object CMakeFiles/RMC.dir/src/ProcessKnockOnElect.cpp.o
[ 56%] Building CXX object CMakeFiles/RMC.dir/src/ProcessMGAdjFisMatrix.cpp.o
[ 56%] Building CXX object CMakeFiles/RMC.dir/src/ProcessMGAdjFisParas.cpp.o
[ 56%] Building CXX object CMakeFiles/RMC.dir/src/ProcessMGAdjFlux.cpp.o
[ 56%] Building CXX object CMakeFiles/RMC.dir/src/ProcessMgPhotonCollision.cpp.o
[ 58%] Building CXX object CMakeFiles/RMC.dir/src/ProcessNeuGma.cpp.o
[ 58%] Building CXX object CMakeFiles/RMC.dir/src/ProcessNpm.cpp.o
[ 58%] Building CXX object CMakeFiles/RMC.dir/src/ProcessPairProd.cpp.o
[ 58%] Building CXX object CMakeFiles/RMC.dir/src/ProcessParticleFrac.cpp.o
[ 58%] Building CXX object CMakeFiles/RMC.dir/src/ProcessPeCapture.cpp.o
[ 58%] Building CXX object CMakeFiles/RMC.dir/src/ProcessPerb.cpp.o
[ 58%] Building CXX object CMakeFiles/RMC.dir/src/ProcessPeriodic.cpp.o
[ 58%] Building CXX object CMakeFiles/RMC.dir/src/ProcessPhotonuclear.cpp.o
[ 58%] Building CXX object CMakeFiles/RMC.dir/src/ProcessSe.cpp.o
[ 58%] Building CXX object CMakeFiles/RMC.dir/src/ProcessStatisticsBin.cpp.o
[ 58%] Building CXX object CMakeFiles/RMC.dir/src/ProcessStochasticData.cpp.o
[ 58%] Building CXX object CMakeFiles/RMC.dir/src/ProcessTally.cpp.o
[ 58%] Building CXX object CMakeFiles/RMC.dir/src/ProcessThomsScat.cpp.o
[ 58%] Building CXX object CMakeFiles/RMC.dir/src/ProcessTimeAbs.cpp.o
[ 58%] Building CXX object CMakeFiles/RMC.dir/src/ProcessXRayOrAuger.cpp.o
[ 58%] Building CXX object CMakeFiles/RMC.dir/src/Processchi_IFP.cpp.o
[ 60%] Building CXX object CMakeFiles/RMC.dir/src/PseuTran.cpp.o
[ 60%] Building CXX object CMakeFiles/RMC.dir/src/PseudoParEnd.cpp.o
[ 60%] Building CXX object CMakeFiles/RMC.dir/src/QuadraticInterpolation.cpp.o
[ 60%] Building CXX object CMakeFiles/RMC.dir/src/RMC_to_DEPTH.cpp.o
[ 60%] Building CXX object CMakeFiles/RMC.dir/src/RayTracking.cpp.o
[ 60%] Building CXX object CMakeFiles/RMC.dir/src/ReCalcLocDir.cpp.o
[ 60%] Building CXX object CMakeFiles/RMC.dir/src/ReadAceData.cpp.o
[ 60%] Building CXX object CMakeFiles/RMC.dir/src/ReadAdjointFlux.cpp.o
[ 60%] Building CXX object CMakeFiles/RMC.dir/src/ReadAdjointFluxMeshCard.cpp.o
[ 60%] Building CXX object CMakeFiles/RMC.dir/src/ReadAdjointNuclide.cpp.o
[ 60%] Building CXX object CMakeFiles/RMC.dir/src/ReadAdjointRatio.cpp.o
[ 60%] Building CXX object CMakeFiles/RMC.dir/src/ReadAdjointReaction.cpp.o
[ 60%] Building CXX object CMakeFiles/RMC.dir/src/ReadBinBlockCard.cpp.o
[ 63%] Building CXX object CMakeFiles/RMC.dir/src/ReadBinaryOutBlock.cpp.o
[ 63%] Building CXX object CMakeFiles/RMC.dir/src/ReadBinarySrc.cpp.o
[ 63%] Building CXX object CMakeFiles/RMC.dir/src/ReadBurnVaryInfo.cpp.o
[ 63%] Building CXX object CMakeFiles/RMC.dir/src/ReadBurnupBlock.cpp.o
[ 63%] Building CXX object CMakeFiles/RMC.dir/src/ReadBurnupMergeBlock.cpp.o
[ 63%] Building CXX object CMakeFiles/RMC.dir/src/ReadCardOptions.cpp.o
[ 63%] Building CXX object CMakeFiles/RMC.dir/src/ReadCellCard.cpp.o
[ 63%] Building CXX object CMakeFiles/RMC.dir/src/ReadCellNucDen.cpp.o
[ 63%] Building CXX object CMakeFiles/RMC.dir/src/ReadCellSurfBool.cpp.o
[ 63%] Building CXX object CMakeFiles/RMC.dir/src/ReadCellTallyCard.cpp.o
/home/workspace/AI_MC_WW_interation/RMC/src/ReadCellTallyCard.cpp: In lambda function:
/home/workspace/AI_MC_WW_interation/RMC/src/ReadCellTallyCard.cpp:1082:40: warning: too many arguments for format [-Wformat-extra-args]
 1082 |     [&]() {sprintf(Output.p_sPrintStr, "ROSSIALPHA or ACCUMROSSIALPHA must be specified if TOTALTIME is defined.\n", nTally_id);},
      |                                        ^~~~~~~~~~~~~~~~~~~~~~~~~~~~~~~~~~~~~~~~~~~~~~~~~~~~~~~~~~~~~~~~~~~~~~~~~~~~
/home/workspace/AI_MC_WW_interation/RMC/src/ReadCellTallyCard.cpp: In lambda function:
/home/workspace/AI_MC_WW_interation/RMC/src/ReadCellTallyCard.cpp:1087:40: warning: too many arguments for format [-Wformat-extra-args]
 1087 |     [&]() {sprintf(Output.p_sPrintStr, "ROSSIALPHA must be specified if TIMEBINS is defined.\n", nTally_id);},
      |                                        ^~~~~~~~~~~~~~~~~~~~~~~~~~~~~~~~~~~~~~~~~~~~~~~~~~~~~~~~
/home/workspace/AI_MC_WW_interation/RMC/src/ReadCellTallyCard.cpp: In lambda function:
/home/workspace/AI_MC_WW_interation/RMC/src/ReadCellTallyCard.cpp:1093:40: warning: too many arguments for format [-Wformat-extra-args]
 1093 |     [&]() {sprintf(Output.p_sPrintStr, "ACCUMROSSIALPHA must be specified if TIMEINTERVAL is defined.\n", nTally_id);},
      |                                        ^~~~~~~~~~~~~~~~~~~~~~~~~~~~~~~~~~~~~~~~~~~~~~~~~~~~~~~~~~~~~~~~~
[ 63%] Building CXX object CMakeFiles/RMC.dir/src/ReadControlBlock.cpp.o
[ 63%] Building CXX object CMakeFiles/RMC.dir/src/ReadConvergenceBlock.cpp.o
[ 63%] Building CXX object CMakeFiles/RMC.dir/src/ReadCovDataFile.cpp.o
[ 63%] Building CXX object CMakeFiles/RMC.dir/src/ReadCriticalityBlock.cpp.o
In file included from /usr/include/c++/13/string:51,
                 from /home/workspace/AI_MC_WW_interation/RMC/src/CommonHead.h:16,
                 from /home/workspace/AI_MC_WW_interation/RMC/src/Input.h:8,
                 from /home/workspace/AI_MC_WW_interation/RMC/src/ReadCellTallyCard.cpp:4:
In static member function ‘static _Up* std::__copy_move<_IsMove, true, std::random_access_iterator_tag>::__copy_m(_Tp*, _Tp*, _Up*) [with _Tp = long unsigned int; _Up = long unsigned int; bool _IsMove = false]’,
    inlined from ‘_OI std::__copy_move_a2(_II, _II, _OI) [with bool _IsMove = false; _II = long unsigned int*; _OI = long unsigned int*]’ at /usr/include/c++/13/bits/stl_algobase.h:506:30,
    inlined from ‘_OI std::__copy_move_a1(_II, _II, _OI) [with bool _IsMove = false; _II = long unsigned int*; _OI = long unsigned int*]’ at /usr/include/c++/13/bits/stl_algobase.h:533:42,
    inlined from ‘_OI std::__copy_move_a(_II, _II, _OI) [with bool _IsMove = false; _II = long unsigned int*; _OI = long unsigned int*]’ at /usr/include/c++/13/bits/stl_algobase.h:540:31,
    inlined from ‘_OI std::copy(_II, _II, _OI) [with _II = long unsigned int*; _OI = long unsigned int*]’ at /usr/include/c++/13/bits/stl_algobase.h:633:7,
    inlined from ‘std::vector<bool, _Alloc>::iterator std::vector<bool, _Alloc>::_M_copy_aligned(const_iterator, const_iterator, iterator) [with _Alloc = std::allocator<bool>]’ at /usr/include/c++/13/bits/stl_bvector.h:1342:28,
    inlined from ‘void std::vector<bool, _Alloc>::_M_fill_insert(iterator, size_type, bool) [with _Alloc = std::allocator<bool>]’ at /usr/include/c++/13/bits/vector.tcc:879:34,
    inlined from ‘std::vector<bool, _Alloc>::iterator std::vector<bool, _Alloc>::insert(const_iterator, size_type, const bool&) [with _Alloc = std::allocator<bool>]’ at /usr/include/c++/13/bits/stl_bvector.h:1242:16,
    inlined from ‘void std::vector<bool, _Alloc>::resize(size_type, bool) [with _Alloc = std::allocator<bool>]’ at /usr/include/c++/13/bits/stl_bvector.h:1288:10,
    inlined from ‘CDBin::CDBin()’ at /home/workspace/AI_MC_WW_interation/RMC/src/TallyData.h:230:25:
/usr/include/c++/13/bits/stl_algobase.h:437:30: warning: ‘void* __builtin_memmove(void*, const void*, long unsigned int)’ writing between 9 and 9223372036854775807 bytes into a region of size 8 overflows the destination [-Wstringop-overflow=]
  437 |             __builtin_memmove(__result, __first, sizeof(_Tp) * _Num);
      |             ~~~~~~~~~~~~~~~~~^~~~~~~~~~~~~~~~~~~~~~~~~~~~~~~~~~~~~~~
In file included from /usr/include/x86_64-linux-gnu/c++/13/bits/c++allocator.h:33,
                 from /usr/include/c++/13/bits/allocator.h:46,
                 from /usr/include/c++/13/string:43:
In member function ‘_Tp* std::__new_allocator<_Tp>::allocate(size_type, const void*) [with _Tp = long unsigned int]’,
    inlined from ‘static _Tp* std::allocator_traits<std::allocator<_CharT> >::allocate(allocator_type&, size_type) [with _Tp = long unsigned int]’ at /usr/include/c++/13/bits/alloc_traits.h:482:28,
    inlined from ‘std::_Bvector_base<_Alloc>::_Bit_pointer std::_Bvector_base<_Alloc>::_M_allocate(std::size_t) [with _Alloc = std::allocator<bool>]’ at /usr/include/c++/13/bits/stl_bvector.h:679:48,
    inlined from ‘void std::vector<bool, _Alloc>::_M_fill_insert(iterator, size_type, bool) [with _Alloc = std::allocator<bool>]’ at /usr/include/c++/13/bits/vector.tcc:877:40,
    inlined from ‘std::vector<bool, _Alloc>::iterator std::vector<bool, _Alloc>::insert(const_iterator, size_type, const bool&) [with _Alloc = std::allocator<bool>]’ at /usr/include/c++/13/bits/stl_bvector.h:1242:16,
    inlined from ‘void std::vector<bool, _Alloc>::resize(size_type, bool) [with _Alloc = std::allocator<bool>]’ at /usr/include/c++/13/bits/stl_bvector.h:1288:10,
    inlined from ‘CDBin::CDBin()’ at /home/workspace/AI_MC_WW_interation/RMC/src/TallyData.h:230:25:
/usr/include/c++/13/bits/new_allocator.h:151:55: note: destination object of size 8 allocated by ‘operator new’
  151 |         return static_cast<_Tp*>(_GLIBCXX_OPERATOR_NEW(__n * sizeof(_Tp)));
      |                                                       ^
[ 63%] Building CXX object CMakeFiles/RMC.dir/src/ReadCriticalitySearchBlock.cpp.o
[ 63%] Building CXX object CMakeFiles/RMC.dir/src/ReadCsTallyCard.cpp.o
[ 65%] Building CXX object CMakeFiles/RMC.dir/src/ReadDifferentialOperator.cpp.o
[ 65%] Building CXX object CMakeFiles/RMC.dir/src/ReadDomainDecomBlock.cpp.o
[ 65%] Building CXX object CMakeFiles/RMC.dir/src/ReadDynamicMatCard.cpp.o
[ 65%] Building CXX object CMakeFiles/RMC.dir/src/ReadExternalSourceBlock.cpp.o
In file included from /usr/include/c++/13/string:51,
                 from /home/workspace/AI_MC_WW_interation/RMC/src/CommonHead.h:16,
                 from /home/workspace/AI_MC_WW_interation/RMC/src/Input.h:8,
                 from /home/workspace/AI_MC_WW_interation/RMC/src/ReadCsTallyCard.cpp:4:
In static member function ‘static _Up* std::__copy_move<_IsMove, true, std::random_access_iterator_tag>::__copy_m(_Tp*, _Tp*, _Up*) [with _Tp = long unsigned int; _Up = long unsigned int; bool _IsMove = false]’,
    inlined from ‘_OI std::__copy_move_a2(_II, _II, _OI) [with bool _IsMove = false; _II = long unsigned int*; _OI = long unsigned int*]’ at /usr/include/c++/13/bits/stl_algobase.h:506:30,
    inlined from ‘_OI std::__copy_move_a1(_II, _II, _OI) [with bool _IsMove = false; _II = long unsigned int*; _OI = long unsigned int*]’ at /usr/include/c++/13/bits/stl_algobase.h:533:42,
    inlined from ‘_OI std::__copy_move_a(_II, _II, _OI) [with bool _IsMove = false; _II = long unsigned int*; _OI = long unsigned int*]’ at /usr/include/c++/13/bits/stl_algobase.h:540:31,
    inlined from ‘_OI std::copy(_II, _II, _OI) [with _II = long unsigned int*; _OI = long unsigned int*]’ at /usr/include/c++/13/bits/stl_algobase.h:633:7,
    inlined from ‘std::vector<bool, _Alloc>::iterator std::vector<bool, _Alloc>::_M_copy_aligned(const_iterator, const_iterator, iterator) [with _Alloc = std::allocator<bool>]’ at /usr/include/c++/13/bits/stl_bvector.h:1342:28,
    inlined from ‘void std::vector<bool, _Alloc>::_M_fill_insert(iterator, size_type, bool) [with _Alloc = std::allocator<bool>]’ at /usr/include/c++/13/bits/vector.tcc:879:34,
    inlined from ‘std::vector<bool, _Alloc>::iterator std::vector<bool, _Alloc>::insert(const_iterator, size_type, const bool&) [with _Alloc = std::allocator<bool>]’ at /usr/include/c++/13/bits/stl_bvector.h:1242:16,
    inlined from ‘void std::vector<bool, _Alloc>::resize(size_type, bool) [with _Alloc = std::allocator<bool>]’ at /usr/include/c++/13/bits/stl_bvector.h:1288:10,
    inlined from ‘CDBin::CDBin()’ at /home/workspace/AI_MC_WW_interation/RMC/src/TallyData.h:230:25:
/usr/include/c++/13/bits/stl_algobase.h:437:30: warning: ‘void* __builtin_memmove(void*, const void*, long unsigned int)’ writing between 9 and 9223372036854775807 bytes into a region of size 8 overflows the destination [-Wstringop-overflow=]
  437 |             __builtin_memmove(__result, __first, sizeof(_Tp) * _Num);
      |             ~~~~~~~~~~~~~~~~~^~~~~~~~~~~~~~~~~~~~~~~~~~~~~~~~~~~~~~~
In file included from /usr/include/x86_64-linux-gnu/c++/13/bits/c++allocator.h:33,
                 from /usr/include/c++/13/bits/allocator.h:46,
                 from /usr/include/c++/13/string:43:
In member function ‘_Tp* std::__new_allocator<_Tp>::allocate(size_type, const void*) [with _Tp = long unsigned int]’,
    inlined from ‘static _Tp* std::allocator_traits<std::allocator<_CharT> >::allocate(allocator_type&, size_type) [with _Tp = long unsigned int]’ at /usr/include/c++/13/bits/alloc_traits.h:482:28,
    inlined from ‘std::_Bvector_base<_Alloc>::_Bit_pointer std::_Bvector_base<_Alloc>::_M_allocate(std::size_t) [with _Alloc = std::allocator<bool>]’ at /usr/include/c++/13/bits/stl_bvector.h:679:48,
    inlined from ‘void std::vector<bool, _Alloc>::_M_fill_insert(iterator, size_type, bool) [with _Alloc = std::allocator<bool>]’ at /usr/include/c++/13/bits/vector.tcc:877:40,
    inlined from ‘std::vector<bool, _Alloc>::iterator std::vector<bool, _Alloc>::insert(const_iterator, size_type, const bool&) [with _Alloc = std::allocator<bool>]’ at /usr/include/c++/13/bits/stl_bvector.h:1242:16,
    inlined from ‘void std::vector<bool, _Alloc>::resize(size_type, bool) [with _Alloc = std::allocator<bool>]’ at /usr/include/c++/13/bits/stl_bvector.h:1288:10,
    inlined from ‘CDBin::CDBin()’ at /home/workspace/AI_MC_WW_interation/RMC/src/TallyData.h:230:25:
/usr/include/c++/13/bits/new_allocator.h:151:55: note: destination object of size 8 allocated by ‘operator new’
  151 |         return static_cast<_Tp*>(_GLIBCXX_OPERATOR_NEW(__n * sizeof(_Tp)));
      |                                                       ^
[ 65%] Building CXX object CMakeFiles/RMC.dir/src/ReadFETTallyCard.cpp.o
[ 65%] Building CXX object CMakeFiles/RMC.dir/src/ReadFissMult.cpp.o
[ 65%] Building CXX object CMakeFiles/RMC.dir/src/ReadFixedSourceBlock.cpp.o
[ 65%] Building CXX object CMakeFiles/RMC.dir/src/ReadGeoAdjointTallyCard.cpp.o
[ 65%] Building CXX object CMakeFiles/RMC.dir/src/ReadGeoSearch.cpp.o
[ 65%] Building CXX object CMakeFiles/RMC.dir/src/ReadGroupConstantBlock.cpp.o
[ 65%] Building CXX object CMakeFiles/RMC.dir/src/ReadHDF5Data.cpp.o
[ 65%] Building CXX object CMakeFiles/RMC.dir/src/ReadIncludeBlock.cpp.o
[ 65%] Building CXX object CMakeFiles/RMC.dir/src/ReadInputBlocks.cpp.o
[ 67%] Building CXX object CMakeFiles/RMC.dir/src/ReadKineticsBlock.cpp.o
[ 67%] Building CXX object CMakeFiles/RMC.dir/src/ReadMCNPWeightWindowCard.cpp.o
[ 67%] Building CXX object CMakeFiles/RMC.dir/src/ReadMCNPWwinpFile.cpp.o
[ 67%] Building CXX object CMakeFiles/RMC.dir/src/ReadMGAdjFisMatrixPara.cpp.o
[ 67%] Building CXX object CMakeFiles/RMC.dir/src/ReadMatCard.cpp.o
[ 67%] Building CXX object CMakeFiles/RMC.dir/src/ReadMatSearch.cpp.o
[ 67%] Building CXX object CMakeFiles/RMC.dir/src/ReadMaterialBlock.cpp.o
[ 67%] Building CXX object CMakeFiles/RMC.dir/src/ReadMeshBlock.cpp.o
[ 67%] Building CXX object CMakeFiles/RMC.dir/src/ReadMeshPara.cpp.o
[ 67%] Building CXX object CMakeFiles/RMC.dir/src/ReadMeshTallyCard.cpp.o
[ 67%] Building CXX object CMakeFiles/RMC.dir/src/ReadPBGeometry.cpp.o
[ 67%] Building CXX object CMakeFiles/RMC.dir/src/ReadPCQSSrc.cpp.o
[ 67%] Building CXX object CMakeFiles/RMC.dir/src/ReadParticleModeBlock.cpp.o
[ 67%] Building CXX object CMakeFiles/RMC.dir/src/ReadParticleTrackBlock.cpp.o
[ 69%] Building CXX object CMakeFiles/RMC.dir/src/ReadPerturbationBlock.cpp.o
[ 69%] Building CXX object CMakeFiles/RMC.dir/src/ReadPhysicsBlock.cpp.o
[ 69%] Building CXX object CMakeFiles/RMC.dir/src/ReadPlotBlock.cpp.o
[ 69%] Building CXX object CMakeFiles/RMC.dir/src/ReadPointTallyCard.cpp.o
[ 69%] Building CXX object CMakeFiles/RMC.dir/src/ReadPrintBlock.cpp.o
[ 69%] Building CXX object CMakeFiles/RMC.dir/src/ReadPtableData.cpp.o
[ 69%] Building CXX object CMakeFiles/RMC.dir/src/ReadQuasiStaticDBlock.cpp.o
[ 69%] Building CXX object CMakeFiles/RMC.dir/src/ReadQuasiStaticSBlock.cpp.o
[ 69%] Building CXX object CMakeFiles/RMC.dir/src/ReadRefuellingCard.cpp.o
[ 69%] Building CXX object CMakeFiles/RMC.dir/src/ReadSamplingBlock.cpp.o
[ 69%] Building CXX object CMakeFiles/RMC.dir/src/ReadSourceCard.cpp.o
[ 69%] Building CXX object CMakeFiles/RMC.dir/src/ReadSourceDistributionCard.cpp.o
[ 69%] Building CXX object CMakeFiles/RMC.dir/src/ReadSrcSubBlock.cpp.o
[ 71%] Building CXX object CMakeFiles/RMC.dir/src/ReadSurfSrc.cpp.o
[ 71%] Building CXX object CMakeFiles/RMC.dir/src/ReadSurfTallyCard.cpp.o
[ 71%] Building CXX object CMakeFiles/RMC.dir/src/ReadSurfaceBlock.cpp.o
[ 71%] Building CXX object CMakeFiles/RMC.dir/src/ReadTallyBlock.cpp.o
[ 71%] Building CXX object CMakeFiles/RMC.dir/src/ReadTallyCells.cpp.o
[ 71%] Building CXX object CMakeFiles/RMC.dir/src/ReadTransformCard.cpp.o
In file included from /usr/include/c++/13/string:51,
                 from /home/workspace/AI_MC_WW_interation/RMC/src/CommonHead.h:16,
                 from /home/workspace/AI_MC_WW_interation/RMC/src/Input.h:8,
                 from /home/workspace/AI_MC_WW_interation/RMC/src/ReadSurfTallyCard.cpp:3:
In static member function ‘static _Up* std::__copy_move<_IsMove, true, std::random_access_iterator_tag>::__copy_m(_Tp*, _Tp*, _Up*) [with _Tp = long unsigned int; _Up = long unsigned int; bool _IsMove = false]’,
    inlined from ‘_OI std::__copy_move_a2(_II, _II, _OI) [with bool _IsMove = false; _II = long unsigned int*; _OI = long unsigned int*]’ at /usr/include/c++/13/bits/stl_algobase.h:506:30,
    inlined from ‘_OI std::__copy_move_a1(_II, _II, _OI) [with bool _IsMove = false; _II = long unsigned int*; _OI = long unsigned int*]’ at /usr/include/c++/13/bits/stl_algobase.h:533:42,
    inlined from ‘_OI std::__copy_move_a(_II, _II, _OI) [with bool _IsMove = false; _II = long unsigned int*; _OI = long unsigned int*]’ at /usr/include/c++/13/bits/stl_algobase.h:540:31,
    inlined from ‘_OI std::copy(_II, _II, _OI) [with _II = long unsigned int*; _OI = long unsigned int*]’ at /usr/include/c++/13/bits/stl_algobase.h:633:7,
    inlined from ‘std::vector<bool, _Alloc>::iterator std::vector<bool, _Alloc>::_M_copy_aligned(const_iterator, const_iterator, iterator) [with _Alloc = std::allocator<bool>]’ at /usr/include/c++/13/bits/stl_bvector.h:1342:28,
    inlined from ‘void std::vector<bool, _Alloc>::_M_fill_insert(iterator, size_type, bool) [with _Alloc = std::allocator<bool>]’ at /usr/include/c++/13/bits/vector.tcc:879:34,
    inlined from ‘std::vector<bool, _Alloc>::iterator std::vector<bool, _Alloc>::insert(const_iterator, size_type, const bool&) [with _Alloc = std::allocator<bool>]’ at /usr/include/c++/13/bits/stl_bvector.h:1242:16,
    inlined from ‘void std::vector<bool, _Alloc>::resize(size_type, bool) [with _Alloc = std::allocator<bool>]’ at /usr/include/c++/13/bits/stl_bvector.h:1288:10,
    inlined from ‘CDBin::CDBin()’ at /home/workspace/AI_MC_WW_interation/RMC/src/TallyData.h:230:25:
/usr/include/c++/13/bits/stl_algobase.h:437:30: warning: ‘void* __builtin_memmove(void*, const void*, long unsigned int)’ writing between 9 and 9223372036854775807 bytes into a region of size 8 overflows the destination [-Wstringop-overflow=]
  437 |             __builtin_memmove(__result, __first, sizeof(_Tp) * _Num);
      |             ~~~~~~~~~~~~~~~~~^~~~~~~~~~~~~~~~~~~~~~~~~~~~~~~~~~~~~~~
In file included from /usr/include/x86_64-linux-gnu/c++/13/bits/c++allocator.h:33,
                 from /usr/include/c++/13/bits/allocator.h:46,
                 from /usr/include/c++/13/string:43:
In member function ‘_Tp* std::__new_allocator<_Tp>::allocate(size_type, const void*) [with _Tp = long unsigned int]’,
    inlined from ‘static _Tp* std::allocator_traits<std::allocator<_CharT> >::allocate(allocator_type&, size_type) [with _Tp = long unsigned int]’ at /usr/include/c++/13/bits/alloc_traits.h:482:28,
    inlined from ‘std::_Bvector_base<_Alloc>::_Bit_pointer std::_Bvector_base<_Alloc>::_M_allocate(std::size_t) [with _Alloc = std::allocator<bool>]’ at /usr/include/c++/13/bits/stl_bvector.h:679:48,
    inlined from ‘void std::vector<bool, _Alloc>::_M_fill_insert(iterator, size_type, bool) [with _Alloc = std::allocator<bool>]’ at /usr/include/c++/13/bits/vector.tcc:877:40,
    inlined from ‘std::vector<bool, _Alloc>::iterator std::vector<bool, _Alloc>::insert(const_iterator, size_type, const bool&) [with _Alloc = std::allocator<bool>]’ at /usr/include/c++/13/bits/stl_bvector.h:1242:16,
    inlined from ‘void std::vector<bool, _Alloc>::resize(size_type, bool) [with _Alloc = std::allocator<bool>]’ at /usr/include/c++/13/bits/stl_bvector.h:1288:10,
    inlined from ‘CDBin::CDBin()’ at /home/workspace/AI_MC_WW_interation/RMC/src/TallyData.h:230:25:
/usr/include/c++/13/bits/new_allocator.h:151:55: note: destination object of size 8 allocated by ‘operator new’
  151 |         return static_cast<_Tp*>(_GLIBCXX_OPERATOR_NEW(__n * sizeof(_Tp)));
      |                                                       ^
In file included from /usr/include/c++/13/string:51,
                 from /home/workspace/AI_MC_WW_interation/RMC/src/CommonHead.h:16,
                 from /home/workspace/AI_MC_WW_interation/RMC/src/Input.h:8,
                 from /home/workspace/AI_MC_WW_interation/RMC/src/ReadTallyBlock.cpp:4:
In static member function ‘static _Up* std::__copy_move<_IsMove, true, std::random_access_iterator_tag>::__copy_m(_Tp*, _Tp*, _Up*) [with _Tp = long unsigned int; _Up = long unsigned int; bool _IsMove = false]’,
    inlined from ‘_OI std::__copy_move_a2(_II, _II, _OI) [with bool _IsMove = false; _II = long unsigned int*; _OI = long unsigned int*]’ at /usr/include/c++/13/bits/stl_algobase.h:506:30,
    inlined from ‘_OI std::__copy_move_a1(_II, _II, _OI) [with bool _IsMove = false; _II = long unsigned int*; _OI = long unsigned int*]’ at /usr/include/c++/13/bits/stl_algobase.h:533:42,
    inlined from ‘_OI std::__copy_move_a(_II, _II, _OI) [with bool _IsMove = false; _II = long unsigned int*; _OI = long unsigned int*]’ at /usr/include/c++/13/bits/stl_algobase.h:540:31,
    inlined from ‘_OI std::copy(_II, _II, _OI) [with _II = long unsigned int*; _OI = long unsigned int*]’ at /usr/include/c++/13/bits/stl_algobase.h:633:7,
    inlined from ‘std::vector<bool, _Alloc>::iterator std::vector<bool, _Alloc>::_M_copy_aligned(const_iterator, const_iterator, iterator) [with _Alloc = std::allocator<bool>]’ at /usr/include/c++/13/bits/stl_bvector.h:1342:28,
    inlined from ‘void std::vector<bool, _Alloc>::_M_fill_insert(iterator, size_type, bool) [with _Alloc = std::allocator<bool>]’ at /usr/include/c++/13/bits/vector.tcc:879:34,
    inlined from ‘std::vector<bool, _Alloc>::iterator std::vector<bool, _Alloc>::insert(const_iterator, size_type, const bool&) [with _Alloc = std::allocator<bool>]’ at /usr/include/c++/13/bits/stl_bvector.h:1242:16,
    inlined from ‘void std::vector<bool, _Alloc>::resize(size_type, bool) [with _Alloc = std::allocator<bool>]’ at /usr/include/c++/13/bits/stl_bvector.h:1288:10,
    inlined from ‘CDBin::CDBin()’ at /home/workspace/AI_MC_WW_interation/RMC/src/TallyData.h:230:25:
/usr/include/c++/13/bits/stl_algobase.h:437:30: warning: ‘void* __builtin_memmove(void*, const void*, long unsigned int)’ writing between 9 and 9223372036854775807 bytes into a region of size 8 overflows the destination [-Wstringop-overflow=]
  437 |             __builtin_memmove(__result, __first, sizeof(_Tp) * _Num);
      |             ~~~~~~~~~~~~~~~~~^~~~~~~~~~~~~~~~~~~~~~~~~~~~~~~~~~~~~~~
In file included from /usr/include/x86_64-linux-gnu/c++/13/bits/c++allocator.h:33,
                 from /usr/include/c++/13/bits/allocator.h:46,
                 from /usr/include/c++/13/string:43:
In member function ‘_Tp* std::__new_allocator<_Tp>::allocate(size_type, const void*) [with _Tp = long unsigned int]’,
    inlined from ‘static _Tp* std::allocator_traits<std::allocator<_CharT> >::allocate(allocator_type&, size_type) [with _Tp = long unsigned int]’ at /usr/include/c++/13/bits/alloc_traits.h:482:28,
    inlined from ‘std::_Bvector_base<_Alloc>::_Bit_pointer std::_Bvector_base<_Alloc>::_M_allocate(std::size_t) [with _Alloc = std::allocator<bool>]’ at /usr/include/c++/13/bits/stl_bvector.h:679:48,
    inlined from ‘void std::vector<bool, _Alloc>::_M_fill_insert(iterator, size_type, bool) [with _Alloc = std::allocator<bool>]’ at /usr/include/c++/13/bits/vector.tcc:877:40,
    inlined from ‘std::vector<bool, _Alloc>::iterator std::vector<bool, _Alloc>::insert(const_iterator, size_type, const bool&) [with _Alloc = std::allocator<bool>]’ at /usr/include/c++/13/bits/stl_bvector.h:1242:16,
    inlined from ‘void std::vector<bool, _Alloc>::resize(size_type, bool) [with _Alloc = std::allocator<bool>]’ at /usr/include/c++/13/bits/stl_bvector.h:1288:10,
    inlined from ‘CDBin::CDBin()’ at /home/workspace/AI_MC_WW_interation/RMC/src/TallyData.h:230:25:
/usr/include/c++/13/bits/new_allocator.h:151:55: note: destination object of size 8 allocated by ‘operator new’
  151 |         return static_cast<_Tp*>(_GLIBCXX_OPERATOR_NEW(__n * sizeof(_Tp)));
      |                                                       ^
[ 71%] Building CXX object CMakeFiles/RMC.dir/src/ReadUniverseBlock.cpp.o
[ 71%] Building CXX object CMakeFiles/RMC.dir/src/ReadWeightWindow.cpp.o
[ 71%] Building CXX object CMakeFiles/RMC.dir/src/RecordNextSurfaceMesh.cpp.o
[ 71%] Building CXX object CMakeFiles/RMC.dir/src/RecordStochasticData.cpp.o
[ 71%] Building CXX object CMakeFiles/RMC.dir/src/Reflect.cpp.o
[ 71%] Building CXX object CMakeFiles/RMC.dir/src/RejectParticle.cpp.o
[ 71%] Building CXX object CMakeFiles/RMC.dir/src/ResetCLSCorrection.cpp.o
[ 71%] Building CXX object CMakeFiles/RMC.dir/src/ResetFsc.cpp.o
[ 71%] Building CXX object CMakeFiles/RMC.dir/src/ResetPCQuasiStatic.cpp.o
[ 73%] Building CXX object CMakeFiles/RMC.dir/src/ResetPerb.cpp.o
[ 73%] Building CXX object CMakeFiles/RMC.dir/src/ResetTrspt.cpp.o
[ 73%] Building CXX object CMakeFiles/RMC.dir/src/ResizeEXS.cpp.o
[ 73%] Building CXX object CMakeFiles/RMC.dir/src/RestBurnup.cpp.o
[ 73%] Building CXX object CMakeFiles/RMC.dir/src/RotateDir.cpp.o
[ 73%] Building CXX object CMakeFiles/RMC.dir/src/RunCalculation.cpp.o
[ 73%] Building CXX object CMakeFiles/RMC.dir/src/RunHistory.cpp.o
[ 73%] Building CXX object CMakeFiles/RMC.dir/src/Sam_AllNuclidecase.cpp.o
[ 73%] Building CXX object CMakeFiles/RMC.dir/src/Sam_CalMeanVarAndOutput.cpp.o
[ 73%] Building CXX object CMakeFiles/RMC.dir/src/Sam_CalNuclideIndex.cpp.o
[ 73%] Building CXX object CMakeFiles/RMC.dir/src/Sam_Initialization.cpp.o
[ 73%] Building CXX object CMakeFiles/RMC.dir/src/Sam_ReadPerFactorLibPath.cpp.o
[ 73%] Building CXX object CMakeFiles/RMC.dir/src/Sam_ReadSamplingNuclide.cpp.o
[ 73%] Building CXX object CMakeFiles/RMC.dir/src/Sam_ReadSamplingReaction.cpp.o
[ 73%] Building CXX object CMakeFiles/RMC.dir/src/Sam_RecordandOutput.cpp.o
[ 73%] Building CXX object CMakeFiles/RMC.dir/src/SampleColliNuc.cpp.o
[ 73%] Building CXX object CMakeFiles/RMC.dir/src/SampleColliType.cpp.o
[ 73%] Building CXX object CMakeFiles/RMC.dir/src/SampleElecEgyLossRate.cpp.o
[ 73%] Building CXX object CMakeFiles/RMC.dir/src/SampleFreeFlyDist.cpp.o
[ 73%] Building CXX object CMakeFiles/RMC.dir/src/SampleGmaColliNuc.cpp.o
[ 73%] Building CXX object CMakeFiles/RMC.dir/src/SampleGmaFreeFlyDist.cpp.o
[ 73%] Building CXX object CMakeFiles/RMC.dir/src/SampleKlein.cpp.o
[ 73%] Building CXX object CMakeFiles/RMC.dir/src/SampleNeutronSource.cpp.o
[ 73%] Building CXX object CMakeFiles/RMC.dir/src/SampleParticle.cpp.o
[ 76%] Building CXX object CMakeFiles/RMC.dir/src/SamplePosFromCombined.cpp.o
[ 76%] Building CXX object CMakeFiles/RMC.dir/src/SamplePosFromCyl.cpp.o
[ 76%] Building CXX object CMakeFiles/RMC.dir/src/SamplePosFromSph.cpp.o
[ 76%] Building CXX object CMakeFiles/RMC.dir/src/SamplePosFromSurf.cpp.o
[ 76%] Building CXX object CMakeFiles/RMC.dir/src/SamplePosFromXYZ.cpp.o
[ 76%] Building CXX object CMakeFiles/RMC.dir/src/SampleStartDirection.cpp.o
[ 76%] Building CXX object CMakeFiles/RMC.dir/src/SampleStartPosition.cpp.o
[ 76%] Building CXX object CMakeFiles/RMC.dir/src/SampleVariableFromDistri.cpp.o
[ 76%] Building CXX object CMakeFiles/RMC.dir/src/SaveNucDevOfElXsToTmp.cpp.o
[ 76%] Building CXX object CMakeFiles/RMC.dir/src/SavePerbInfo.cpp.o
[ 76%] Building CXX object CMakeFiles/RMC.dir/src/SaveSplitParticles.cpp.o
[ 76%] Building CXX object CMakeFiles/RMC.dir/src/ScoreADFCFlux.cpp.o
[ 76%] Building CXX object CMakeFiles/RMC.dir/src/ScoreBasicPerb.cpp.o
[ 76%] Building CXX object CMakeFiles/RMC.dir/src/ScoreDelayNeuFraction.cpp.o
[ 76%] Building CXX object CMakeFiles/RMC.dir/src/ScoreKSenToNucData.cpp.o
[ 78%] Building CXX object CMakeFiles/RMC.dir/src/ScoreMeshTally.cpp.o
[ 78%] Building CXX object CMakeFiles/RMC.dir/src/ScoreNeuLifeTime.cpp.o
[ 78%] Building CXX object CMakeFiles/RMC.dir/src/SelReacType.cpp.o
[ 78%] Building CXX object CMakeFiles/RMC.dir/src/SetCellGramDens.cpp.o
[ 78%] Building CXX object CMakeFiles/RMC.dir/src/SetConductFactor.cpp.o
[ 78%] Building CXX object CMakeFiles/RMC.dir/src/SetStatisticsIndex.cpp.o
[ 78%] Building CXX object CMakeFiles/RMC.dir/src/SetupCellTallyData.cpp.o
[ 78%] Building CXX object CMakeFiles/RMC.dir/src/SimpsonIntegrate.cpp.o
[ 78%] Building CXX object CMakeFiles/RMC.dir/src/Sing.cpp.o
[ 78%] Building CXX object CMakeFiles/RMC.dir/src/SingleTally.cpp.o
[ 78%] Building CXX object CMakeFiles/RMC.dir/src/SolveBoneEquation.cpp.o
[ 78%] Building CXX object CMakeFiles/RMC.dir/src/SortFraction.cpp.o
[ 78%] Building CXX object CMakeFiles/RMC.dir/src/Source.cpp.o
[ 78%] Building CXX object CMakeFiles/RMC.dir/src/SourceFet.cpp.o
[ 80%] Building CXX object CMakeFiles/RMC.dir/src/StatisticsFunc.cpp.o
[ 80%] Building CXX object CMakeFiles/RMC.dir/src/StorageSecondaryParticle.cpp.o
[ 80%] Building CXX object CMakeFiles/RMC.dir/src/SumUpTally.cpp.o
[ 80%] Building CXX object CMakeFiles/RMC.dir/src/SumUpXeCsTally.cpp.o
[ 80%] Building CXX object CMakeFiles/RMC.dir/src/SupHisBankFissions.cpp.o
[ 80%] Building CXX object CMakeFiles/RMC.dir/src/SupHisCycEnd.cpp.o
[ 80%] Building CXX object CMakeFiles/RMC.dir/src/SupHisInitiateFsc.cpp.o
[ 80%] Building CXX object CMakeFiles/RMC.dir/src/SupHisParEnd.cpp.o
[ 80%] Building CXX object CMakeFiles/RMC.dir/src/SupHisReset.cpp.o
[ 80%] Building CXX object CMakeFiles/RMC.dir/src/SupHisResetFsc.cpp.o
[ 80%] Building CXX object CMakeFiles/RMC.dir/src/SurfSrc.cpp.o
[ 80%] Building CXX object CMakeFiles/RMC.dir/src/TallyAtPoint.cpp.o
[ 80%] Building CXX object CMakeFiles/RMC.dir/src/TallyAtSurface.cpp.o
[ 80%] Building CXX object CMakeFiles/RMC.dir/src/TallyByFET.cpp.o
[ 80%] Building CXX object CMakeFiles/RMC.dir/src/TallyByTL.cpp.o
[ 82%] Building CXX object CMakeFiles/RMC.dir/src/TallyCellByTL.cpp.o
[ 82%] Building CXX object CMakeFiles/RMC.dir/src/TallyCommunicationNonBlking.cpp.o
[ 82%] Building CXX object CMakeFiles/RMC.dir/src/TallyCsByTL.cpp.o
[ 82%] Building CXX object CMakeFiles/RMC.dir/src/TallyData.cpp.o
[ 82%] Building CXX object CMakeFiles/RMC.dir/src/TallyDecomBuffer.cpp.o
[ 82%] Building CXX object CMakeFiles/RMC.dir/src/TallyNucCsByTL.cpp.o
[ 82%] Building CXX object CMakeFiles/RMC.dir/src/TallyNucMicroXS.cpp.o
[ 82%] Building CXX object CMakeFiles/RMC.dir/src/TallyRXSByTL.cpp.o
[ 82%] Building CXX object CMakeFiles/RMC.dir/src/TallyType.cpp.o
[ 82%] Building CXX object CMakeFiles/RMC.dir/src/TerminateFisChain.cpp.o
[ 82%] Building CXX object CMakeFiles/RMC.dir/src/TrackElctronHistory.cpp.o
[ 82%] Building CXX object CMakeFiles/RMC.dir/src/TrackGmaHistory.cpp.o
/home/workspace/AI_MC_WW_interation/RMC/src/TallyType.cpp: In member function ‘virtual std::string TallyFissionEnergy::to_string()’:
/home/workspace/AI_MC_WW_interation/RMC/src/TallyType.cpp:156:25: warning: control reaches end of non-void function [-Wreturn-type]
  156 |     Output.OutputMessage([&]() {
      |     ~~~~~~~~~~~~~~~~~~~~^~~~~~~~
  157 |       sprintf(Output.p_sPrintStr,
      |       ~~~~~~~~~~~~~~~~~~~~~~~~~~~
  158 |               "Unsupported Fission energy type %d\n", type);
      |               ~~~~~~~~~~~~~~~~~~~~~~~~~~~~~~~~~~~~~~~~~~~~~~
  159 |     }, CDOutput::_ERROR);
      |     ~~~~~~~~~~~~~~~~~~~~ 
/home/workspace/AI_MC_WW_interation/RMC/src/TallyType.cpp: In member function ‘virtual std::string TallyEnergyDeposition::to_string()’:
/home/workspace/AI_MC_WW_interation/RMC/src/TallyType.cpp:998:1: warning: control reaches end of non-void function [-Wreturn-type]
  998 | }
      | ^
/home/workspace/AI_MC_WW_interation/RMC/src/TallyType.cpp: In member function ‘virtual std::string TallyRecoverableEnergy::to_string()’:
/home/workspace/AI_MC_WW_interation/RMC/src/TallyType.cpp:1108:27: warning: control reaches end of non-void function [-Wreturn-type]
 1108 |     RMC::IO::OLogger.fatal("unsupported recoverable energy type!");
      |     ~~~~~~~~~~~~~~~~~~~~~~^~~~~~~~~~~~~~~~~~~~~~~~~~~~~~~~~~~~~~~~
/home/workspace/AI_MC_WW_interation/RMC/src/TallyType.cpp: In member function ‘virtual std::string TallyFissionEnergyRelease::to_string()’:
/home/workspace/AI_MC_WW_interation/RMC/src/TallyType.cpp:1518:27: warning: control reaches end of non-void function [-Wreturn-type]
 1518 |     RMC::IO::OLogger.fatal("The component of fission energy release must be specified and in range of [1, 10]");
      |     ~~~~~~~~~~~~~~~~~~~~~~^~~~~~~~~~~~~~~~~~~~~~~~~~~~~~~~~~~~~~~~~~~~~~~~~~~~~~~~~~~~~~~~~~~~~~~~~~~~~~~~~~~~~
[ 82%] Building CXX object CMakeFiles/RMC.dir/src/TrackHistory.cpp.o
[ 82%] Building CXX object CMakeFiles/RMC.dir/src/TrackWithWeightWindow.cpp.o
[ 82%] Building CXX object CMakeFiles/RMC.dir/src/TranCell.cpp.o
[ 82%] Building CXX object CMakeFiles/RMC.dir/src/TranCoord.cpp.o
[ 84%] Building CXX object CMakeFiles/RMC.dir/src/TranSurfParams.cpp.o
[ 84%] Building CXX object CMakeFiles/RMC.dir/src/TransformToLatCell.cpp.o
[ 84%] Building CXX object CMakeFiles/RMC.dir/src/TranslateCellVector.cpp.o
[ 84%] Building CXX object CMakeFiles/RMC.dir/src/TreatAdjointMaterial.cpp.o
[ 84%] Building CXX object CMakeFiles/RMC.dir/src/TreatFission.cpp.o
[ 84%] Building CXX object CMakeFiles/RMC.dir/src/TreatFreeGasModel.cpp.o
[ 84%] Building CXX object CMakeFiles/RMC.dir/src/TreatImpliCapt.cpp.o
[ 84%] Building CXX object CMakeFiles/RMC.dir/src/TreatPerb.cpp.o
[ 84%] Building CXX object CMakeFiles/RMC.dir/src/TreatSabCollision.cpp.o
[ 84%] Building CXX object CMakeFiles/RMC.dir/src/TreatTTB.cpp.o
[ 84%] Building CXX object CMakeFiles/RMC.dir/src/UFS.cpp.o
[ 84%] Building CXX object CMakeFiles/RMC.dir/src/UpdateBurnedMatNucDen.cpp.o
[ 84%] Building CXX object CMakeFiles/RMC.dir/src/UpdateCriticalFlux.cpp.o
[ 86%] Building CXX object CMakeFiles/RMC.dir/src/UpdateSurf.cpp.o
[ 86%] Building CXX object CMakeFiles/RMC.dir/src/UpdateXe.cpp.o
/home/workspace/AI_MC_WW_interation/RMC/src/UpdateBurnedMatNucDen.cpp: In member function ‘void CDBurnup::VaryMat(CDMaterial&)’:
/home/workspace/AI_MC_WW_interation/RMC/src/UpdateBurnedMatNucDen.cpp:97:45: warning: ‘%s’ directive writing up to 999 bytes into a region of size 995 [-Wformat-overflow=]
   97 |           sprintf(Output.p_sPrintStr, "Vary %s to be material %d at burnup step %d.\n",
      |                                             ^~
In file included from /usr/include/stdio.h:980,
                 from /usr/include/c++/13/cstdio:42,
                 from /home/workspace/AI_MC_WW_interation/RMC/src/CommonHead.h:15,
                 from /home/workspace/AI_MC_WW_interation/RMC/src/Burnup.h:11,
                 from /home/workspace/AI_MC_WW_interation/RMC/src/UpdateBurnedMatNucDen.cpp:4:
In function ‘int sprintf(char*, const char*, ...)’,
    inlined from ‘CDBurnup::VaryMat(CDMaterial&)::<lambda()>’ at /home/workspace/AI_MC_WW_interation/RMC/src/UpdateBurnedMatNucDen.cpp:97:18,
    inlined from ‘void CDOutput::OutputMessage(PrintMssgType, FILE*, int) [with PrintMssgType = CDBurnup::VaryMat(CDMaterial&)::<lambda()>]’ at /home/workspace/AI_MC_WW_interation/RMC/src/Output.h:213:14,
    inlined from ‘void CDBurnup::VaryMat(CDMaterial&)’ at /home/workspace/AI_MC_WW_interation/RMC/src/UpdateBurnedMatNucDen.cpp:96:29:
/usr/include/x86_64-linux-gnu/bits/stdio2.h:30:34: note: ‘__builtin___sprintf_chk’ output between 42 and 1061 bytes into a destination of size 1000
   30 |   return __builtin___sprintf_chk (__s, __USE_FORTIFY_LEVEL - 1,
      |          ~~~~~~~~~~~~~~~~~~~~~~~~^~~~~~~~~~~~~~~~~~~~~~~~~~~~~~
   31 |                                   __glibc_objsize (__s), __fmt,
      |                                   ~~~~~~~~~~~~~~~~~~~~~~~~~~~~~
   32 |                                   __va_arg_pack ());
      |                                   ~~~~~~~~~~~~~~~~~
/home/workspace/AI_MC_WW_interation/RMC/src/UpdateBurnedMatNucDen.cpp: In member function ‘void CDBurnup::VaryMat(CDMaterial&)’:
/home/workspace/AI_MC_WW_interation/RMC/src/UpdateBurnedMatNucDen.cpp:101:45: warning: ‘%s’ directive writing up to 999 bytes into a region of size 995 [-Wformat-overflow=]
  101 |           sprintf(Output.p_sPrintStr, "Vary %s to be material %d at burnup step %d.\n",
      |                                             ^~
In function ‘int sprintf(char*, const char*, ...)’,
    inlined from ‘CDBurnup::VaryMat(CDMaterial&)::<lambda()>’ at /home/workspace/AI_MC_WW_interation/RMC/src/UpdateBurnedMatNucDen.cpp:101:18,
    inlined from ‘void CDOutput::OutputMessage(PrintMssgType, FILE*, int, int) [with PrintMssgType = CDBurnup::VaryMat(CDMaterial&)::<lambda()>]’ at /home/workspace/AI_MC_WW_interation/RMC/src/Output.h:200:14,
    inlined from ‘void CDBurnup::VaryMat(CDMaterial&)’ at /home/workspace/AI_MC_WW_interation/RMC/src/UpdateBurnedMatNucDen.cpp:100:29:
/usr/include/x86_64-linux-gnu/bits/stdio2.h:30:34: note: ‘__builtin___sprintf_chk’ output between 42 and 1061 bytes into a destination of size 1000
   30 |   return __builtin___sprintf_chk (__s, __USE_FORTIFY_LEVEL - 1,
      |          ~~~~~~~~~~~~~~~~~~~~~~~~^~~~~~~~~~~~~~~~~~~~~~~~~~~~~~
   31 |                                   __glibc_objsize (__s), __fmt,
      |                                   ~~~~~~~~~~~~~~~~~~~~~~~~~~~~~
   32 |                                   __va_arg_pack ());
      |                                   ~~~~~~~~~~~~~~~~~
[ 86%] Building CXX object CMakeFiles/RMC.dir/src/WeightCutoff.cpp.o
[ 86%] Building CXX object CMakeFiles/RMC.dir/src/WeightWindowGenerator.cpp.o
[ 86%] Building CXX object CMakeFiles/RMC.dir/src/WeightWindows.cpp.o
[ 86%] Building CXX object CMakeFiles/RMC.dir/src/WhiteScatter.cpp.o
[ 86%] Building CXX object CMakeFiles/RMC.dir/src/WldtBankFissions.cpp.o
[ 86%] Building CXX object CMakeFiles/RMC.dir/src/WldtSampleSource.cpp.o
[ 86%] Building CXX object CMakeFiles/RMC.dir/src/WldtTrackHistory.cpp.o
[ 86%] Building CXX object CMakeFiles/RMC.dir/src/WriteBinarySrc.cpp.o
[ 86%] Building CXX object CMakeFiles/RMC.dir/src/WriteWwoutFile.cpp.o
[ 86%] Building CXX object CMakeFiles/RMC.dir/src/WrtTrc.cpp.o
[ 86%] Building CXX object CMakeFiles/RMC.dir/src/initiateUfs.cpp.o
[ 86%] Building CXX object CMakeFiles/RMC.dir/src/main.cpp.o
[ 86%] Building CXX object CMakeFiles/RMC.dir/src/Mesh/BaseMesh/BaseMesh.cpp.o
[ 86%] Building CXX object CMakeFiles/RMC.dir/src/Mesh/StructuredMesh/StructuredMesh.cpp.o
[ 89%] Building CXX object CMakeFiles/RMC.dir/src/Utility/Config/Parallel.cpp.o
[ 89%] Building CXX object CMakeFiles/RMC.dir/src/Utility/Debug/DebugUtility.cpp.o
[ 89%] Building CXX object CMakeFiles/RMC.dir/src/Utility/Function/Function.cpp.o
[ 89%] Building CXX object CMakeFiles/RMC.dir/src/Utility/Function/Interpolation.cpp.o
/home/workspace/AI_MC_WW_interation/RMC/src/Utility/Function/Function.cpp: In static member function ‘static std::shared_ptr<Utility::Function::BaseFunction> Utility::Function::BaseFunction::instantiate(const std::string&, const std::string&, RMC::File::HDF5*)’:
/home/workspace/AI_MC_WW_interation/RMC/src/Utility/Function/Function.cpp:24:22: warning: control reaches end of non-void function [-Wreturn-type]
   24 |         OLogger.fatal("Unsupported function type {}", type);
      |         ~~~~~~~~~~~~~^~~~~~~~~~~~~~~~~~~~~~~~~~~~~~~~~~~~~~
[ 89%] Building CXX object CMakeFiles/RMC.dir/src/Utility/Hash/Hash.cpp.o
[ 89%] Building CXX object CMakeFiles/RMC.dir/src/Utility/Hash/crc64.cpp.o
[ 89%] Building CXX object CMakeFiles/RMC.dir/src/Utility/IO/Logger.cpp.o
[ 89%] Building CXX object CMakeFiles/RMC.dir/src/Utility/Math/MathFunc.cpp.o
[ 89%] Building CXX object CMakeFiles/RMC.dir/src/Utility/Sample/Sample.cpp.o
[ 89%] Building CXX object CMakeFiles/RMC.dir/src/Utility/Signal/SignalHandler.cpp.o
[ 89%] Building CXX object CMakeFiles/RMC.dir/src/XSParameterization/AddBurnupPointName.cpp.o
[ 89%] Building CXX object CMakeFiles/RMC.dir/src/XSParameterization/CalcMicroFissionSpectrum.cpp.o
[ 89%] Building CXX object CMakeFiles/RMC.dir/src/XSParameterization/GetBurnupInfo.cpp.o
[ 89%] Building CXX object CMakeFiles/RMC.dir/src/XSParameterization/GetHomoAreaMat.cpp.o
[ 89%] Building CXX object CMakeFiles/RMC.dir/src/XSParameterization/GetHomoAreaNucDen.cpp.o
[ 89%] Building CXX object CMakeFiles/RMC.dir/src/XSParameterization/GetMicroXSPosition.cpp.o
[ 91%] Building CXX object CMakeFiles/RMC.dir/src/XSParameterization/GetStatusInfo.cpp.o
[ 91%] Building CXX object CMakeFiles/RMC.dir/src/XSParameterization/InitiateXSParameterization.cpp.o
[ 91%] Building CXX object CMakeFiles/RMC.dir/src/XSParameterization/OutputH5File.cpp.o
[ 91%] Building CXX object CMakeFiles/RMC.dir/src/XSParameterization/OutputPhysicInfo.cpp.o
[ 91%] Building CXX object CMakeFiles/RMC.dir/src/Geometry/OverviewGeometry.cpp.o
[ 91%] Building CXX object CMakeFiles/RMC.dir/src/Data/Data.cpp.o
[ 91%] Building CXX object CMakeFiles/RMC.dir/src/Control/Control.cpp.o
[ 91%] Linking CXX executable bin/RMC
[100%] Built target RMC
