Copyrights Reserved by Reactor Engineering Analysis Laboratory(REAL).

      RRRRRRRR       MM         MM        CCCCCCCC   
      RRRRRRRRR      MMM       MMM      CCCCCCCCC    
      RRR    RRR     MMMM     MMMM     CCC           
      RRR    RR      MMMMM   MMMMM    CCC            
      RRRRRRRR       MM MMM MMM MM    CCC            
      RRR   RRR      MM  MMMMM  MM    CCC            
      RRR    RRR     MM   MMM   MM     CCCCCCCCCC    
      RRR     RRR   MMM         MMM      CCCCCCCCC   

Code version: 3.5.0

Build time  : 06:59:58 Sep 27 2026
Git commit  : 5cfb0f771d0c5a2127c90d57e51ce672a4e3b616
Git tag  : v3.5.0-alpha.0-311-g5cfb0f77
MPI parallel: OFF
OMP parallel: OFF
Visit REAL forum https://forum.reallab.org.cn for more information.

RMC Calculation Start.
Input File = inp     2026/09/27 07:04:34 Sunday 

Reading input file...

******** Calculation mode: fixed-source ********

Reading XSDIR/ACE library...
Finish reading XSDIR/ACE library.
neutron : 1000
neutron : 2000

Source Number : 2500.

Neutron collisions per source particle: 106.49 

RMC Calculation Finish.
Total Calculational Time: 0.0019 minutes

Input File = inp   Output File = inp.out     2026/09/27 07:04:34 Sunday
 Total Calculation Time                   = 1.1119e-01 seconds
 Time in Reading input blocks             = 1.9129e-04 seconds
 Time in Fixed Source Calculation         = 1.1094e-01 seconds
 Time in Photon Transport                 = 0.0000e+00 seconds
 Time in Photon Collision                 = 0.0000e+00 seconds
 Time in Photon XS lookup                 = 0.0000e+00 seconds
 Time in Photon tracking                  = 0.0000e+00 seconds
 Time in Tally Process                    = 3.9846e-02 seconds
