Error: results do not agree
--- reference_result

+++ error_result

@@ -18,13 +18,13 @@

 

 --------- ID = 2, Particle = photon, Type = flux, Estimator = track length, Number of cell/surface/point bins  = 10 --------------

 Cell                                 Ave            RE

-1                                6.2255E+00      5.5886E-02

-2                                5.2836E+00      5.8107E-02

-3                                4.6894E+00      7.2243E-02

-4                                4.0943E+00      7.3204E-02

-5                                3.3413E+00      7.4493E-02

-6                                2.6008E+00      8.8991E-02

-7                                2.2237E+00      9.7099E-02

-8                                1.7704E+00      1.0098E-01

-9                                1.4588E+00      1.0594E-01

-10                               1.0792E+00      1.1524E-01

+1                                6.1630E+00      5.6022E-02

+2                                5.2211E+00      5.8445E-02

+3                                4.5751E+00      7.2064E-02

+4                                3.9832E+00      7.3144E-02

+5                                3.2350E+00      7.2637E-02

+6                                2.6312E+00      8.8894E-02

+7                                2.2665E+00      9.6502E-02

+8                                1.7872E+00      1.0060E-01

+9                                1.4469E+00      1.0527E-01

+10                               1.0362E+00      1.0809E-01

Traceback (most recent call last):
  File "/tmp/rmc-f08-prefix-run/MCNP_WeightWindow_MPI_ShareMem_multi_particle/../execute.py", line 526, in <module>
    raise TestError("result difference detected", 12)
TestError
