{
  "population_per_run": 200000,
  "seeds": [
    101,
    103,
    107,
    109,
    113
  ],
  "response_group": 16,
  "per_seed": [
    {
      "seed": 101,
      "adjoint_ww_off": 1.4419,
      "sigma_off": 0.00283881272,
      "adjoint_ww_on": 1.445,
      "sigma_on": 0.0018812454999999999,
      "z": 0.9102720798415959
    },
    {
      "seed": 103,
      "adjoint_ww_off": 1.442,
      "sigma_off": 0.002828483,
      "adjoint_ww_on": 1.4483,
      "sigma_on": 0.00188539694,
      "z": 1.8533390054677104
    },
    {
      "seed": 107,
      "adjoint_ww_off": 1.4485,
      "sigma_off": 0.0028486201,
      "adjoint_ww_on": 1.4467,
      "sigma_on": 0.0018809993400000001,
      "z": -0.5272996124478899
    },
    {
      "seed": 109,
      "adjoint_ww_off": 1.4499,
      "sigma_off": 0.00285267825,
      "adjoint_ww_on": 1.4452,
      "sigma_on": 0.00187904904,
      "z": -1.37590519287822
    },
    {
      "seed": 113,
      "adjoint_ww_off": 1.4482,
      "sigma_off": 0.00285396774,
      "adjoint_ww_on": 1.4473,
      "sigma_on": 0.00188192419,
      "z": -0.26326628877345765
    }
  ],
  "combined": {
    "ww_off": 1.4460787973771463,
    "sigma_off": 0.0012720827288933525,
    "ww_on": 1.446497702118625,
    "sigma_on": 0.000841530582325856,
    "z": 0.2746477532518369,
    "pass": true
  }
}
